 linear_ref_track_sfun

 Timestamp is 5aeca532 (Fri May  4 21:23:46 2018)

 Preferred load address is 0000000180000000

 Start         Length     Name                   Class
 0001:00000000 00010490H .text$mn                CODE
 0001:00010490 00000012H .text$mn$00             CODE
 0001:000104a2 00000081H .text$x                 CODE
 0002:00000000 00000498H .idata$5                DATA
 0002:00000498 00000010H .00cfg                  DATA
 0002:000004a8 00000008H .CRT$XCA                DATA
 0002:000004b0 00000008H .CRT$XCZ                DATA
 0002:000004b8 00000008H .CRT$XIA                DATA
 0002:000004c0 00000008H .CRT$XIZ                DATA
 0002:000004c8 00000008H .CRT$XPA                DATA
 0002:000004d0 00000008H .CRT$XPZ                DATA
 0002:000004d8 00000008H .CRT$XTA                DATA
 0002:000004e0 00000010H .CRT$XTZ                DATA
 0002:000004f0 00000214H .rdata                  DATA
 0002:00000704 0000022cH .rdata$zzzdbg           DATA
 0002:00000930 00000008H .rtc$IAA                DATA
 0002:00000938 00000008H .rtc$IZZ                DATA
 0002:00000940 00000008H .rtc$TAA                DATA
 0002:00000948 00000008H .rtc$TZZ                DATA
 0002:00000950 00000880H .xdata                  DATA
 0002:000011d0 00000080H .edata                  DATA
 0002:00001250 000000c8H .idata$2                DATA
 0002:00001318 00000018H .idata$3                DATA
 0002:00001330 00000498H .idata$4                DATA
 0002:000017c8 00000de0H .idata$6                DATA
 0003:00000000 00002e30H .data                   DATA
 0003:00002e30 00001630H .bss                    DATA
 0004:00000000 00000a38H .pdata                  DATA
 0005:00000000 00000018H .gfids$y                DATA

  Address         Publics by Value              Rva+Base               Lib:Object

 0000:00000000       ___safe_se_handler_count   0000000000000000     <absolute>
 0000:00000000       __guard_fids_table         0000000000000000     <absolute>
 0000:00000000       __guard_longjmp_count      0000000000000000     <absolute>
 0000:00000000       __guard_longjmp_table      0000000000000000     <absolute>
 0000:00000000       __guard_iat_count          0000000000000000     <absolute>
 0000:00000000       __guard_fids_count         0000000000000000     <absolute>
 0000:00000000       __guard_iat_table          0000000000000000     <absolute>
 0000:00000000       __dynamic_value_reloc_table 0000000000000000     <absolute>
 0000:00000000       ___safe_se_handler_table   0000000000000000     <absolute>
 0000:00000100       __guard_flags              0000000000000100     <absolute>
 0000:00000000       __ImageBase                0000000180000000     <linker-defined>
 0001:00000000       linear_ref_track_initializer 0000000180001000 f   linear_ref_track_sfun.obj
 0001:00000010       linear_ref_track_terminator 0000000180001010 f   linear_ref_track_sfun.obj
 0001:00000020       load_linear_ref_track_optimization_info 0000000180001020 f   linear_ref_track_sfun.obj
 0001:000000d0       unload_linear_ref_track_optimization_info 00000001800010d0 f   linear_ref_track_sfun.obj
 0001:00000100       sf_linear_ref_track_method_dispatcher 0000000180001100 f   linear_ref_track_sfun.obj
 0001:00000150       sf_linear_ref_track_process_check_sum_call 0000000180001150 f   linear_ref_track_sfun.obj
 0001:00000640       sf_linear_ref_track_autoinheritance_info 0000000180001640 f   linear_ref_track_sfun.obj
 0001:00000820       sf_linear_ref_track_get_eml_resolved_functions_info 0000000180001820 f   linear_ref_track_sfun.obj
 0001:00000a00       sf_linear_ref_track_third_party_uses_info 0000000180001a00 f   linear_ref_track_sfun.obj
 0001:00000bd0       sf_linear_ref_track_jit_fallback_info 0000000180001bd0 f   linear_ref_track_sfun.obj
 0001:00000da0       sf_linear_ref_track_updateBuildInfo_args_info 0000000180001da0 f   linear_ref_track_sfun.obj
 0001:00000f70       linear_ref_track_debug_initialize 0000000180001f70 f   linear_ref_track_sfun.obj
 0001:00000ff0       linear_ref_track_register_exported_symbols 0000000180001ff0 f   linear_ref_track_sfun.obj
 0001:00001000       sf_c1_linear_ref_track_get_eml_resolved_functions_info 0000000180002000 f   c1_linear_ref_track.obj
 0001:00001080       sf_c1_linear_ref_track_get_check_sum 0000000180002080 f   c1_linear_ref_track.obj
 0001:00001150       c1_linear_ref_track_method_dispatcher 0000000180002150 f   c1_linear_ref_track.obj
 0001:00004020       sf_c1_linear_ref_track_get_post_codegen_info 0000000180005020 f   c1_linear_ref_track.obj
 0001:000040f0       sf_c1_linear_ref_track_get_autoinheritance_info 00000001800050f0 f   c1_linear_ref_track.obj
 0001:00004be0       sf_c1_linear_ref_track_third_party_uses_info 0000000180005be0 f   c1_linear_ref_track.obj
 0001:00004c10       sf_c1_linear_ref_track_jit_fallback_info 0000000180005c10 f   c1_linear_ref_track.obj
 0001:00004da0       sf_c1_linear_ref_track_updateBuildInfo_args_info 0000000180005da0 f   c1_linear_ref_track.obj
 0001:00005b30       mexFunction                0000000180006b30 f   linear_ref_track_sfun_registry.obj
 0001:000080f0       _ssSetInputPortDirectFeedThroughFcn 00000001800090f0 f   linear_ref_track_sfun_registry.obj
 0001:00008260       _ssGetInputPortSignalPtrsFcn 0000000180009260 f   linear_ref_track_sfun_registry.obj
 0001:000085f0       _ssGetInputPortSignalFcn   00000001800095f0 f   linear_ref_track_sfun_registry.obj
 0001:00008980       _ssSetInputPortReusableFcn 0000000180009980 f   linear_ref_track_sfun_registry.obj
 0001:00008a80       _ssSetOutputPortReusableFcn 0000000180009a80 f   linear_ref_track_sfun_registry.obj
 0001:00008b80       _ssSetSymbolicDimsSupport  0000000180009b80 f   linear_ref_track_sfun_registry.obj
 0001:00008bf0       _ssRegisterSymbolicDimsExpr 0000000180009bf0 f   linear_ref_track_sfun_registry.obj
 0001:00008c70       _ssRegisterSymbolicDims    0000000180009c70 f   linear_ref_track_sfun_registry.obj
 0001:00008d10       _ssRegisterSymbolicDimsString 0000000180009d10 f   linear_ref_track_sfun_registry.obj
 0001:00008d90       _ssRegisterSymbolicDimsIntValue 0000000180009d90 f   linear_ref_track_sfun_registry.obj
 0001:00008e00       _ssRegisterSymbolicDimsPlus 0000000180009e00 f   linear_ref_track_sfun_registry.obj
 0001:00008e80       _ssRegisterSymbolicDimsMinus 0000000180009e80 f   linear_ref_track_sfun_registry.obj
 0001:00008f00       _ssRegisterSymbolicDimsMultiply 0000000180009f00 f   linear_ref_track_sfun_registry.obj
 0001:00008f80       _ssRegisterSymbolicDimsDivide 0000000180009f80 f   linear_ref_track_sfun_registry.obj
 0001:00009000       _ssGetNumSymbolicDims      000000018000a000 f   linear_ref_track_sfun_registry.obj
 0001:00009070       _ssGetSymbolicDim          000000018000a070 f   linear_ref_track_sfun_registry.obj
 0001:000090f0       _ssSetInputPortSymbolicDimsId 000000018000a0f0 f   linear_ref_track_sfun_registry.obj
 0001:00009160       _ssGetCompInputPortSymbolicDimsId 000000018000a160 f   linear_ref_track_sfun_registry.obj
 0001:000091d0       _ssSetCompInputPortSymbolicDimsId 000000018000a1d0 f   linear_ref_track_sfun_registry.obj
 0001:00009240       _ssSetOutputPortSymbolicDimsId 000000018000a240 f   linear_ref_track_sfun_registry.obj
 0001:000092b0       _ssGetCompOutputPortSymbolicDimsId 000000018000a2b0 f   linear_ref_track_sfun_registry.obj
 0001:00009320       _ssSetCompOutputPortSymbolicDimsId 000000018000a320 f   linear_ref_track_sfun_registry.obj
 0001:00009390       _ssSetCompDWorkSymbolicDimsId 000000018000a390 f   linear_ref_track_sfun_registry.obj
 0001:00009400       ssGetIsZeroCrossControlDisabled 000000018000a400 f   linear_ref_track_sfun_registry.obj
 0001:00009470       ssSetIsInputPortUsedForContZcSignal 000000018000a470 f   linear_ref_track_sfun_registry.obj
 0001:000094e0       ssSetZcSignalIsZcElementDisc 000000018000a4e0 f   linear_ref_track_sfun_registry.obj
 0001:00009590       ssSetZcSignalName          000000018000a590 f   linear_ref_track_sfun_registry.obj
 0001:00009600       ssSetZcSignalWidth         000000018000a600 f   linear_ref_track_sfun_registry.obj
 0001:00009670       ssSetZcSignalZcEventType   000000018000a670 f   linear_ref_track_sfun_registry.obj
 0001:000096e0       ssSetZcSignalType          000000018000a6e0 f   linear_ref_track_sfun_registry.obj
 0001:00009750       ssSetZcSignalZcTol         000000018000a750 f   linear_ref_track_sfun_registry.obj
 0001:000097c0       ssSetZcSignalNeedsEventNotification 000000018000a7c0 f   linear_ref_track_sfun_registry.obj
 0001:00009830       ssCreateAndAddZcSignalInfo 000000018000a830 f   linear_ref_track_sfun_registry.obj
 0001:000098a0       ssCloneAndAddZcSignalInfo  000000018000a8a0 f   linear_ref_track_sfun_registry.obj
 0001:00009910       ssGetNumZcSignals          000000018000a910 f   linear_ref_track_sfun_registry.obj
 0001:00009980       ssGetZcSignalVector        000000018000a980 f   linear_ref_track_sfun_registry.obj
 0001:000099f0       ssGetZcSignalName          000000018000a9f0 f   linear_ref_track_sfun_registry.obj
 0001:00009a60       ssGetZcSignalWidth         000000018000aa60 f   linear_ref_track_sfun_registry.obj
 0001:00009ad0       ssGetZcSignalZcEventType   000000018000aad0 f   linear_ref_track_sfun_registry.obj
 0001:00009b40       ssGetZcSignalZcEvents      000000018000ab40 f   linear_ref_track_sfun_registry.obj
 0001:00009bb0       ssGetZcSignalType          000000018000abb0 f   linear_ref_track_sfun_registry.obj
 0001:00009c20       ssGetZcSignalZcTol         000000018000ac20 f   linear_ref_track_sfun_registry.obj
 0001:00009ca0       ssGetZcSignalNeedsEventNotification 000000018000aca0 f   linear_ref_track_sfun_registry.obj
 0001:00009d10       ssGetZcSignalIsZcElementDisc 000000018000ad10 f   linear_ref_track_sfun_registry.obj
 0001:00009db0       ssGetIsInputPortElementContinuous 000000018000adb0 f   linear_ref_track_sfun_registry.obj
 0001:00009e50       _ssSetIWorkValueFcn        000000018000ae50 f   linear_ref_track_sfun_registry.obj
 0001:00009ed0       _ssGetIWorkValueFcn        000000018000aed0 f   linear_ref_track_sfun_registry.obj
 0001:00009f40       _ssSetRWorkValueFcn        000000018000af40 f   linear_ref_track_sfun_registry.obj
 0001:00009fc0       _ssGetRWorkValueFcn        000000018000afc0 f   linear_ref_track_sfun_registry.obj
 0001:0000a030       _ssSetPWorkValueFcn        000000018000b030 f   linear_ref_track_sfun_registry.obj
 0001:0000a0b0       _ssGetPWorkValueFcn        000000018000b0b0 f   linear_ref_track_sfun_registry.obj
 0001:0000a120       ssGetDTypeIdFromMxArray    000000018000b120 f   linear_ref_track_sfun_registry.obj
 0001:0000a240       ssWriteRTWStr              000000018000b240 f   linear_ref_track_sfun_registry.obj
 0001:0000a2a0       ssWriteRTWNameValuePair    000000018000b2a0 f   linear_ref_track_sfun_registry.obj
 0001:0000a7a0       ssWriteRTWParamSettings    000000018000b7a0 f   linear_ref_track_sfun_registry.obj
 0001:0000ae90       ssWriteRTWParameters       000000018000be90 f   linear_ref_track_sfun_registry.obj
 0001:0000b450       ssWriteRTWWorkVect         000000018000c450 f   linear_ref_track_sfun_registry.obj
 0001:0000b9b0       ssWriteRTWMxVectParam      000000018000c9b0 f   linear_ref_track_sfun_registry.obj
 0001:0000ba30       ssWriteRTWMx2dMatParam     000000018000ca30 f   linear_ref_track_sfun_registry.obj
 0001:0000bac0       _ssSetInputPortMatrixDimensions 000000018000cac0 f   linear_ref_track_sfun_registry.obj
 0001:0000bbe0       _ssSetOutputPortMatrixDimensions 000000018000cbe0 f   linear_ref_track_sfun_registry.obj
 0001:0000bd00       _ssSetInputPortVectorDimension 000000018000cd00 f   linear_ref_track_sfun_registry.obj
 0001:0000bdb0       _ssSetOutputPortVectorDimension 000000018000cdb0 f   linear_ref_track_sfun_registry.obj
 0001:0000be60       ssIsRunTimeParamTunable    000000018000ce60 f   linear_ref_track_sfun_registry.obj
 0001:0000bed0       ssGetSFuncBlockHandle      000000018000ced0 f   linear_ref_track_sfun_registry.obj
 0001:0000bf40       _ssGetCurrentInputPortWidth 000000018000cf40 f   linear_ref_track_sfun_registry.obj
 0001:0000c060       _ssGetCurrentOutputPortWidth 000000018000d060 f   linear_ref_track_sfun_registry.obj
 0001:0000c180       _ssGetCallSystemNumFcnCallDestinations 000000018000d180 f   linear_ref_track_sfun_registry.obj
 0001:0000c1f0       ssGetParameterTuningCompliance 000000018000d1f0 f   linear_ref_track_sfun_registry.obj
 0001:0000c260       ssWarning                  000000018000d260 f   linear_ref_track_sfun_registry.obj
 0001:0000c350       _ssGetAbsTol               000000018000d350 f   linear_ref_track_sfun_registry.obj
 0001:0000c3c0       _ssSetStateAbsTol          000000018000d3c0 f   linear_ref_track_sfun_registry.obj
 0001:0000c4a0       sf_process_check_sum_call  000000018000d4a0 f   linear_ref_track_sfun_registry.obj
 0001:0000c4f0       sf_process_autoinheritance_call 000000018000d4f0 f   linear_ref_track_sfun_registry.obj
 0001:0000c720       sf_process_get_third_party_uses_info_call 000000018000d720 f   linear_ref_track_sfun_registry.obj
 0001:0000c950       sf_process_get_jit_fallback_info_call 000000018000d950 f   linear_ref_track_sfun_registry.obj
 0001:0000cb80       sf_process_get_updateBuildInfo_args_info_call 000000018000db80 f   linear_ref_track_sfun_registry.obj
 0001:0000cdb0       sf_process_get_eml_resolved_functions_info_call 000000018000ddb0 f   linear_ref_track_sfun_registry.obj
 0001:0000cfe0       sf_mex_unlock_call         000000018000dfe0 f   linear_ref_track_sfun_registry.obj
 0001:0000d280       sf_machine_global_initializer_called 000000018000e280 f   linear_ref_track_sfun_registry.obj
 0001:0000d2b0       sf_machine_global_method_dispatcher 000000018000e2b0 f   linear_ref_track_sfun_registry.obj
 0001:0000d310       sf_machine_global_terminator 000000018000e310 f   linear_ref_track_sfun_registry.obj
 0001:0000d360       sf_register_machine_exported_symbols 000000018000e360 f   linear_ref_track_sfun_registry.obj
 0001:0000d380       callCustomFcn              000000018000e380 f   linear_ref_track_sfun_registry.obj
 0001:0000d390       sf_machine_global_initializer 000000018000e390 f   linear_ref_track_sfun_registry.obj
 0001:0000d410       mdlGetSimState             000000018000e410 f   linear_ref_track_sfun_registry.obj
 0001:0000d450       mdlSetSimState             000000018000e450 f   linear_ref_track_sfun_registry.obj
 0001:0000dcc0       ProcessMexSfunctionEveryCall 000000018000ecc0 f   linear_ref_track_sfun_registry.obj
 0001:0000ed20       __local_stdio_printf_options 000000018000fd20 f i linear_ref_track_sfun_registry.obj
 0001:0000ed30       _vsnprintf_l               000000018000fd30 f i linear_ref_track_sfun_registry.obj
 0001:0000edb0       _vsprintf_l                000000018000fdb0 f i linear_ref_track_sfun_registry.obj
 0001:0000ee00       sprintf                    000000018000fe00 f i linear_ref_track_sfun_registry.obj
 0001:0000ee50       mexfilerequiredapiversion  000000018000fe50 f   c_mexapi_version.obj
 0001:0000ee72       sf_load_rtw_optimization_info 000000018000fe72 f   sf_runtime:sf_runtime.dll
 0001:0000ee78       sf_debug_initialize_machine 000000018000fe78 f   sf_runtime:sf_runtime.dll
 0001:0000ee7e       sf_debug_set_machine_event_thresholds 000000018000fe7e f   sf_runtime:sf_runtime.dll
 0001:0000ee84       sf_debug_set_machine_data_thresholds 000000018000fe84 f   sf_runtime:sf_runtime.dll
 0001:0000ee8a       sf_init_ChartRunTimeInfo   000000018000fe8a f   sf_runtime:sf_runtime.dll
 0001:0000ee90       sf_free_ChartRunTimeInfo   000000018000fe90 f   sf_runtime:sf_runtime.dll
 0001:0000ee96       sfrtGetEmlrtCtx            000000018000fe96 f   sf_runtime:sf_runtime.dll
 0001:0000ee9c       sf_get_chart_instance_ptr  000000018000fe9c f   sf_runtime:sf_runtime.dll
 0001:0000eea2       sf_rtw_info_uint_prop      000000018000fea2 f   sf_runtime:sf_runtime.dll
 0001:0000eea8       sf_update_buildInfo        000000018000fea8 f   sf_runtime:sf_runtime.dll
 0001:0000eeae       sf_is_chart_inlinable      000000018000feae f   sf_runtime:sf_runtime.dll
 0001:0000eeb4       sf_mark_chart_reusable_outputs 000000018000feb4 f   sf_runtime:sf_runtime.dll
 0001:0000eeba       sf_mark_chart_expressionable_inputs 000000018000feba f   sf_runtime:sf_runtime.dll
 0001:0000eec0       sim_mode_is_rtw_gen        000000018000fec0 f   sf_runtime:sf_runtime.dll
 0001:0000eec6       sim_mode_is_external       000000018000fec6 f   sf_runtime:sf_runtime.dll
 0001:0000eecc       sim_mode_is_modelref_sim   000000018000fecc f   sf_runtime:sf_runtime.dll
 0001:0000eed2       sf_clear_rtw_identifier    000000018000fed2 f   sf_runtime:sf_runtime.dll
 0001:0000eed8       sf_set_rtw_dwork_info      000000018000fed8 f   sf_runtime:sf_runtime.dll
 0001:0000eede       sf_get_time                000000018000fede f   sf_runtime:sf_runtime.dll
 0001:0000eee4       sf_is_first_init_cond      000000018000fee4 f   sf_runtime:sf_runtime.dll
 0001:0000eeea       sf_set_chart_accesses_machine_info 000000018000feea f   sf_runtime:sf_runtime.dll
 0001:0000eef0       sf_register_codegen_names_for_scoped_functions_defined_by_chart 000000018000fef0 f   sf_runtime:sf_runtime.dll
 0001:0000eef6       ssSetBlockIsPurelyCombinatorial_wrapper 000000018000fef6 f   sf_runtime:sf_runtime.dll
 0001:0000eefc       sf_mex_error_message       000000018000fefc f   sf_runtime:sf_runtime.dll
 0001:0000ef02       sf_mex_create              000000018000ff02 f   sf_runtime:sf_runtime.dll
 0001:0000ef08       sf_mex_createcellmatrix    000000018000ff08 f   sf_runtime:sf_runtime.dll
 0001:0000ef0e       sf_mex_setcell             000000018000ff0e f   sf_runtime:sf_runtime.dll
 0001:0000ef14       sf_mex_getcell             000000018000ff14 f   sf_runtime:sf_runtime.dll
 0001:0000ef1a       sf_mex_assign              000000018000ff1a f   sf_runtime:sf_runtime.dll
 0001:0000ef20       sf_mex_dup                 000000018000ff20 f   sf_runtime:sf_runtime.dll
 0001:0000ef26       sf_mex_destroy             000000018000ff26 f   sf_runtime:sf_runtime.dll
 0001:0000ef2c       sf_mex_import              000000018000ff2c f   sf_runtime:sf_runtime.dll
 0001:0000ef32       sf_mex_decode_encoded_mx_struct_array 000000018000ff32 f   sf_runtime:sf_runtime.dll
 0001:0000ef38       ssGetInputPortSignal_wrapper 000000018000ff38 f   sf_runtime:sf_runtime.dll
 0001:0000ef3e       ssGetOutputPortSignal_wrapper 000000018000ff3e f   sf_runtime:sf_runtime.dll
 0001:0000ef44       sf_debug_initialize_chart  000000018000ff44 f   sf_runtime:sf_runtime.dll
 0001:0000ef4a       sf_debug_call              000000018000ff4a f   sf_runtime:sf_runtime.dll
 0001:0000ef50       eml_debug_line_call        000000018000ff50 f   sf_runtime:sf_runtime.dll
 0001:0000ef56       cv_eml_eval                000000018000ff56 f   sf_runtime:sf_runtime.dll
 0001:0000ef5c       cv_eml_init_script         000000018000ff5c f   sf_runtime:sf_runtime.dll
 0001:0000ef62       cv_eml_init_fcn            000000018000ff62 f   sf_runtime:sf_runtime.dll
 0001:0000ef68       sf_debug_reset_current_state_configuration 000000018000ff68 f   sf_runtime:sf_runtime.dll
 0001:0000ef6e       sf_debug_check_for_state_inconsistency 000000018000ff6e f   sf_runtime:sf_runtime.dll
 0001:0000ef74       sf_debug_set_chart_data_props 000000018000ff74 f   sf_runtime:sf_runtime.dll
 0001:0000ef7a       sf_debug_set_chart_data_compiled_props 000000018000ff7a f   sf_runtime:sf_runtime.dll
 0001:0000ef80       sf_debug_symbol_scope_push 000000018000ff80 f   sf_runtime:sf_runtime.dll
 0001:0000ef86       sf_debug_symbol_scope_push_eml 000000018000ff86 f   sf_runtime:sf_runtime.dll
 0001:0000ef8c       sf_debug_symbol_scope_pop  000000018000ff8c f   sf_runtime:sf_runtime.dll
 0001:0000ef92       sf_debug_symbol_scope_add_eml 000000018000ff92 f   sf_runtime:sf_runtime.dll
 0001:0000ef98       sf_debug_symbol_scope_add_eml_importable 000000018000ff98 f   sf_runtime:sf_runtime.dll
 0001:0000ef9e       sf_debug_set_instance_data_value_ptr 000000018000ff9e f   sf_runtime:sf_runtime.dll
 0001:0000efa4       sf_debug_set_chart_disable_implicit_casting 000000018000ffa4 f   sf_runtime:sf_runtime.dll
 0001:0000efaa       sf_debug_set_chart_event_thresholds 000000018000ffaa f   sf_runtime:sf_runtime.dll
 0001:0000efb0       sf_debug_set_chart_state_info 000000018000ffb0 f   sf_runtime:sf_runtime.dll
 0001:0000efb6       sf_debug_set_chart_decomposition 000000018000ffb6 f   sf_runtime:sf_runtime.dll
 0001:0000efbc       sf_debug_set_chart_substate_count 000000018000ffbc f   sf_runtime:sf_runtime.dll
 0001:0000efc2       sf_debug_data_range_wrapper 000000018000ffc2 f   sf_runtime:sf_runtime.dll
 0001:0000efc8       sf_debug_cv_init_trans     000000018000ffc8 f   sf_runtime:sf_runtime.dll
 0001:0000efce       sf_debug_cv_init_chart     000000018000ffce f   sf_runtime:sf_runtime.dll
 0001:0000efd4       sf_debug_cv_init_state     000000018000ffd4 f   sf_runtime:sf_runtime.dll
 0001:0000efda       sf_get_ChartInfoStruct_CodeGen 000000018000ffda f   sf_runtime:sf_runtime.dll
 0001:0000efe0       sf_get_hasSeparateUpdateOutputs 000000018000ffe0 f   sf_runtime:sf_runtime.dll
 0001:0000efe6       callMdlMethodAndReportError 000000018000ffe6 f   sf_runtime:sf_runtime.dll
 0001:0000efec       call_sf_machine_global_method_dispatcher 000000018000ffec f   sf_runtime:sf_runtime.dll
 0001:0000eff2       getRuntimeInstanceInfoAsVoid 000000018000fff2 f   sf_runtime:sf_runtime.dll
 0001:0000eff8       sf_mex_error_direct_call   000000018000fff8 f   sf_runtime:sf_runtime.dll
 0001:0000effe       sf_clear_error_manager_info 000000018000fffe f   sf_runtime:sf_runtime.dll
 0001:0000f004       sf_debug_create_debug_instance_struct 0000000180010004 f   sf_runtime:sf_runtime.dll
 0001:0000f00a       sf_debug_terminate         000000018001000a f   sf_runtime:sf_runtime.dll
 0001:0000f010       sf_debug_api               0000000180010010 f   sf_runtime:sf_runtime.dll
 0001:0000f016       mxIsChar                   0000000180010016 f   libmx:libmx.dll
 0001:0000f01c       mxGetPr                    000000018001001c f   libmx:libmx.dll
 0001:0000f022       mxGetScalar                0000000180010022 f   libmx:libmx.dll
 0001:0000f028       mxDestroyArray             0000000180010028 f   libmx:libmx.dll
 0001:0000f02e       mxCreateDoubleMatrix_730   000000018001002e f   libmx:libmx.dll
 0001:0000f034       mxGetString_730            0000000180010034 f   libmx:libmx.dll
 0001:0000f03a       mxDuplicateArray           000000018001003a f   libmx:libmx.dll
 0001:0000f040       mxSetField_730             0000000180010040 f   libmx:libmx.dll
 0001:0000f046       mxCreateDoubleScalar       0000000180010046 f   libmx:libmx.dll
 0001:0000f04c       mxCreateString             000000018001004c f   libmx:libmx.dll
 0001:0000f052       mxCreateCellMatrix_730     0000000180010052 f   libmx:libmx.dll
 0001:0000f058       mxCreateCellArray_730      0000000180010058 f   libmx:libmx.dll
 0001:0000f05e       mxCreateStructMatrix_730   000000018001005e f   libmx:libmx.dll
 0001:0000f064       mxCreateStructArray_730    0000000180010064 f   libmx:libmx.dll
 0001:0000f06a       mxCalloc                   000000018001006a f   libmx:libmx.dll
 0001:0000f070       mxGetM                     0000000180010070 f   libmx:libmx.dll
 0001:0000f076       mxGetClassID               0000000180010076 f   libmx:libmx.dll
 0001:0000f07c       mxIsNumeric                000000018001007c f   libmx:libmx.dll
 0001:0000f082       mxIsComplex                0000000180010082 f   libmx:libmx.dll
 0001:0000f088       mxGetN                     0000000180010088 f   libmx:libmx.dll
 0001:0000f08e       mexMakeArrayPersistent     000000018001008e f   libmex:libmex.dll
 0001:0000f094       mexErrMsgTxt               0000000180010094 f   libmex:libmex.dll
 0001:0000f09a       mexWarnMsgTxt              000000018001009a f   libmex:libmex.dll
 0001:0000f0a0       mexCallMATLABWithObject    00000001800100a0 f   libmex:libmex.dll
 0001:0000f0a6       mexLock                    00000001800100a6 f   libmex:libmex.dll
 0001:0000f0ac       mexUnlock                  00000001800100ac f   libmex:libmex.dll
 0001:0000f0b2       mexIsLocked                00000001800100b2 f   libmex:libmex.dll
 0001:0000f0b8       utMalloc                   00000001800100b8 f   libut:libut.dll
 0001:0000f0be       utFree                     00000001800100be f   libut:libut.dll
 0001:0000f0c4       __raise_securityfailure    00000001800100c4 f   MSVCRT:gs_report.obj
 0001:0000f0f8       __report_gsfailure         00000001800100f8 f   MSVCRT:gs_report.obj
 0001:0000f1cc       __report_rangecheckfailure 00000001800101cc f   MSVCRT:gs_report.obj
 0001:0000f1e0       __report_securityfailure   00000001800101e0 f   MSVCRT:gs_report.obj
 0001:0000f27c       __report_securityfailureEx 000000018001027c f   MSVCRT:gs_report.obj
 0001:0000f470       __GSHandlerCheck           0000000180010470 f   MSVCRT:_gshandler_.obj
 0001:0000f490       __GSHandlerCheckCommon     0000000180010490 f   MSVCRT:_gshandler_.obj
 0001:0000f500       __security_check_cookie    0000000180010500 f   MSVCRT:_amdsecgs_.obj
 0001:0000f870       _CRT_INIT                  0000000180010870 f   MSVCRT:dll_dllmain.obj
 0001:0000f878       _DllMainCRTStartup         0000000180010878 f   MSVCRT:dll_dllmain.obj
 0001:0000f8b8       ??$__crt_fast_decode_pointer@PEAP6AXXZ@@YAPEAP6AXXZQEAP6AXXZ@Z 00000001800108b8 f i MSVCRT:utility.obj
 0001:0000f8d0       ??$__crt_fast_encode_pointer@PEAP6AXXZ@@YAPEAP6AXXZQEAP6AXXZ@Z 00000001800108d0 f i MSVCRT:utility.obj
 0001:0000f8f0       ?__crt_rotate_pointer_value@@YA_K_KH@Z 00000001800108f0 f i MSVCRT:utility.obj
 0001:0000f8fc       ?configure_argv@__scrt_narrow_argv_policy@@SAHXZ 00000001800108fc f i MSVCRT:utility.obj
 0001:0000f98c       NtCurrentTeb               000000018001098c f i MSVCRT:utility.obj
 0001:0000f998       __scrt_acquire_startup_lock 0000000180010998 f   MSVCRT:utility.obj
 0001:0000f9d4       __scrt_dllmain_after_initialize_c 00000001800109d4 f   MSVCRT:utility.obj
 0001:0000fa08       __scrt_dllmain_before_initialize_c 0000000180010a08 f   MSVCRT:utility.obj
 0001:0000fa20       __scrt_dllmain_crt_thread_attach 0000000180010a20 f   MSVCRT:utility.obj
 0001:0000fa48       __scrt_dllmain_crt_thread_detach 0000000180010a48 f   MSVCRT:utility.obj
 0001:0000fa60       __scrt_dllmain_exception_filter 0000000180010a60 f   MSVCRT:utility.obj
 0001:0000fac4       __scrt_dllmain_uninitialize_c 0000000180010ac4 f   MSVCRT:utility.obj
 0001:0000faf4       __scrt_dllmain_uninitialize_critical 0000000180010af4 f   MSVCRT:utility.obj
 0001:0000fb08       __scrt_initialize_crt      0000000180010b08 f   MSVCRT:utility.obj
 0001:0000fb54       __scrt_initialize_onexit_tables 0000000180010b54 f   MSVCRT:utility.obj
 0001:0000fc20       __scrt_is_nonwritable_in_current_image 0000000180010c20 f   MSVCRT:utility.obj
 0001:0000fcbc       __scrt_release_startup_lock 0000000180010cbc f   MSVCRT:utility.obj
 0001:0000fce0       __scrt_uninitialize_crt    0000000180010ce0 f   MSVCRT:utility.obj
 0001:0000fd0c       _onexit                    0000000180010d0c f   MSVCRT:utility.obj
 0001:0000fd5c       at_quick_exit              0000000180010d5c f   MSVCRT:utility.obj
 0001:0000fd94       atexit                     0000000180010d94 f   MSVCRT:utility.obj
 0001:0000fdac       __security_init_cookie     0000000180010dac f   MSVCRT:gs_support.obj
 0001:0000fe58       DllMain                    0000000180010e58 f   MSVCRT:dll_dllmain_stub.obj
 0001:0000fe7c       ?__scrt_initialize_type_info@@YAXXZ 0000000180010e7c f   MSVCRT:tncleanup.obj
 0001:0000fe8c       ?__scrt_uninitialize_type_info@@YAXXZ 0000000180010e8c f   MSVCRT:tncleanup.obj
 0001:0000fe98       __local_stdio_scanf_options 0000000180010e98 f i MSVCRT:default_local_stdio_options.obj
 0001:0000fea0       __scrt_initialize_default_local_stdio_options 0000000180010ea0 f   MSVCRT:default_local_stdio_options.obj
 0001:0000febc       __scrt_get_dyn_tls_init_callback 0000000180010ebc f   MSVCRT:dyn_tls_init.obj
 0001:0000fec4       __crt_debugger_hook        0000000180010ec4 f   MSVCRT:utility_desktop.obj
 0001:0000fecc       __scrt_fastfail            0000000180010ecc f   MSVCRT:utility_desktop.obj
 0001:00010014       __scrt_get_show_window_mode 0000000180011014 f   MSVCRT:utility_desktop.obj
 0001:00010050       __scrt_initialize_winrt    0000000180011050 f   MSVCRT:utility_desktop.obj
 0001:00010054       __scrt_is_managed_app      0000000180011054 f   MSVCRT:utility_desktop.obj
 0001:000100a8       __scrt_set_unhandled_exception_filter 00000001800110a8 f   MSVCRT:utility_desktop.obj
 0001:000100b8       __scrt_unhandled_exception_filter 00000001800110b8 f   MSVCRT:utility_desktop.obj
 0001:000100f0       _RTC_Initialize            00000001800110f0 f   MSVCRT:_initsect_.obj
 0001:0001013c       _RTC_Terminate             000000018001113c f   MSVCRT:_initsect_.obj
 0001:00010188       _guard_check_icall         0000000180011188 f i MSVCRT:checkcfg.obj
 0001:00010190       __isa_available_init       0000000180011190 f   MSVCRT:_cpu_disp_.obj
 0001:00010358       _get_startup_argv_mode     0000000180011358 f   MSVCRT:argv_mode.obj
 0001:00010360       __scrt_is_ucrt_dll_in_use  0000000180011360 f   MSVCRT:ucrt_detection.obj
 0001:0001036c       _guard_check_icall_nop     000000018001136c f i MSVCRT:guard_support.obj
 0001:00010370       _guard_icall_checks_enforced 0000000180011370 f i MSVCRT:guard_support.obj
 0001:00010390       RtlCaptureContext          0000000180011390 f   kernel32:KERNEL32.dll
 0001:00010396       RtlLookupFunctionEntry     0000000180011396 f   kernel32:KERNEL32.dll
 0001:0001039c       RtlVirtualUnwind           000000018001139c f   kernel32:KERNEL32.dll
 0001:000103a2       UnhandledExceptionFilter   00000001800113a2 f   kernel32:KERNEL32.dll
 0001:000103a8       SetUnhandledExceptionFilter 00000001800113a8 f   kernel32:KERNEL32.dll
 0001:000103ae       GetCurrentProcess          00000001800113ae f   kernel32:KERNEL32.dll
 0001:000103b4       TerminateProcess           00000001800113b4 f   kernel32:KERNEL32.dll
 0001:000103ba       IsProcessorFeaturePresent  00000001800113ba f   kernel32:KERNEL32.dll
 0001:000103c0       QueryPerformanceCounter    00000001800113c0 f   kernel32:KERNEL32.dll
 0001:000103c6       GetCurrentProcessId        00000001800113c6 f   kernel32:KERNEL32.dll
 0001:000103cc       GetCurrentThreadId         00000001800113cc f   kernel32:KERNEL32.dll
 0001:000103d2       GetSystemTimeAsFileTime    00000001800113d2 f   kernel32:KERNEL32.dll
 0001:000103d8       DisableThreadLibraryCalls  00000001800113d8 f   kernel32:KERNEL32.dll
 0001:000103de       InitializeSListHead        00000001800113de f   kernel32:KERNEL32.dll
 0001:000103e4       IsDebuggerPresent          00000001800113e4 f   kernel32:KERNEL32.dll
 0001:000103ea       GetStartupInfoW            00000001800113ea f   kernel32:KERNEL32.dll
 0001:000103f0       GetModuleHandleW           00000001800113f0 f   kernel32:KERNEL32.dll
 0001:000103f6       memset                     00000001800113f6 f   vcruntime:VCRUNTIME140.dll
 0001:000103fc       memcpy                     00000001800113fc f   vcruntime:VCRUNTIME140.dll
 0001:00010402       __C_specific_handler       0000000180011402 f   vcruntime:VCRUNTIME140.dll
 0001:00010408       __std_type_info_destroy_list 0000000180011408 f   vcruntime:VCRUNTIME140.dll
 0001:0001040e       strcmp                     000000018001140e f   ucrt:api-ms-win-crt-string-l1-1-0.dll
 0001:00010414       __stdio_common_vsprintf    0000000180011414 f   ucrt:api-ms-win-crt-stdio-l1-1-0.dll
 0001:0001041a       free                       000000018001141a f   ucrt:api-ms-win-crt-heap-l1-1-0.dll
 0001:00010420       malloc                     0000000180011420 f   ucrt:api-ms-win-crt-heap-l1-1-0.dll
 0001:00010426       strlen                     0000000180011426 f   ucrt:api-ms-win-crt-string-l1-1-0.dll
 0001:0001042c       _initterm                  000000018001142c f   ucrt:api-ms-win-crt-runtime-l1-1-0.dll
 0001:00010432       _initterm_e                0000000180011432 f   ucrt:api-ms-win-crt-runtime-l1-1-0.dll
 0001:00010438       _seh_filter_dll            0000000180011438 f   ucrt:api-ms-win-crt-runtime-l1-1-0.dll
 0001:0001043e       _configure_narrow_argv     000000018001143e f   ucrt:api-ms-win-crt-runtime-l1-1-0.dll
 0001:00010444       _initialize_narrow_environment 0000000180011444 f   ucrt:api-ms-win-crt-runtime-l1-1-0.dll
 0001:0001044a       _initialize_onexit_table   000000018001144a f   ucrt:api-ms-win-crt-runtime-l1-1-0.dll
 0001:00010450       _register_onexit_function  0000000180011450 f   ucrt:api-ms-win-crt-runtime-l1-1-0.dll
 0001:00010456       _execute_onexit_table      0000000180011456 f   ucrt:api-ms-win-crt-runtime-l1-1-0.dll
 0001:0001045c       _crt_atexit                000000018001145c f   ucrt:api-ms-win-crt-runtime-l1-1-0.dll
 0001:00010462       _crt_at_quick_exit         0000000180011462 f   ucrt:api-ms-win-crt-runtime-l1-1-0.dll
 0001:00010468       _cexit                     0000000180011468 f   ucrt:api-ms-win-crt-runtime-l1-1-0.dll
 0001:0001046e       terminate                  000000018001146e f   ucrt:api-ms-win-crt-runtime-l1-1-0.dll
 0001:00010474       __vcrt_initialize          0000000180011474 f   MSVCRT:ucrt_stubs.obj
 0001:00010474       __scrt_stub_for_acrt_initialize 0000000180011474 f   MSVCRT:ucrt_stubs.obj
 0001:00010474       __acrt_initialize          0000000180011474 f   MSVCRT:ucrt_stubs.obj
 0001:00010478       __scrt_stub_for_acrt_thread_attach 0000000180011478 f   MSVCRT:ucrt_stubs.obj
 0001:00010478       __vcrt_thread_attach       0000000180011478 f   MSVCRT:ucrt_stubs.obj
 0001:00010478       __acrt_thread_attach       0000000180011478 f   MSVCRT:ucrt_stubs.obj
 0001:0001047c       __vcrt_thread_detach       000000018001147c f   MSVCRT:ucrt_stubs.obj
 0001:0001047c       __scrt_stub_for_acrt_thread_detach 000000018001147c f   MSVCRT:ucrt_stubs.obj
 0001:0001047c       __acrt_thread_detach       000000018001147c f   MSVCRT:ucrt_stubs.obj
 0001:00010480       __acrt_uninitialize        0000000180011480 f   MSVCRT:ucrt_stubs.obj
 0001:00010480       __vcrt_uninitialize        0000000180011480 f   MSVCRT:ucrt_stubs.obj
 0001:00010480       __scrt_stub_for_acrt_uninitialize 0000000180011480 f   MSVCRT:ucrt_stubs.obj
 0001:00010484       __vcrt_uninitialize_critical 0000000180011484 f   MSVCRT:ucrt_stubs.obj
 0001:00010484       __scrt_stub_for_acrt_uninitialize_critical 0000000180011484 f   MSVCRT:ucrt_stubs.obj
 0001:00010484       __acrt_uninitialize_critical 0000000180011484 f   MSVCRT:ucrt_stubs.obj
 0001:00010488       _is_c_termination_complete 0000000180011488 f   MSVCRT:ucrt_stubs.obj
 0001:00010488       __scrt_stub_for_is_c_termination_complete 0000000180011488 f   MSVCRT:ucrt_stubs.obj
 0001:000104a0       _guard_dispatch_icall_nop  00000001800114a0 f   MSVCRT:_guard_dispatch_.obj
 0002:00000000       __imp_TerminateProcess     0000000180012000     kernel32:KERNEL32.dll
 0002:00000008       __imp_RtlCaptureContext    0000000180012008     kernel32:KERNEL32.dll
 0002:00000010       __imp_RtlLookupFunctionEntry 0000000180012010     kernel32:KERNEL32.dll
 0002:00000018       __imp_IsProcessorFeaturePresent 0000000180012018     kernel32:KERNEL32.dll
 0002:00000020       __imp_QueryPerformanceCounter 0000000180012020     kernel32:KERNEL32.dll
 0002:00000028       __imp_GetCurrentProcessId  0000000180012028     kernel32:KERNEL32.dll
 0002:00000030       __imp_GetCurrentThreadId   0000000180012030     kernel32:KERNEL32.dll
 0002:00000038       __imp_GetSystemTimeAsFileTime 0000000180012038     kernel32:KERNEL32.dll
 0002:00000040       __imp_DisableThreadLibraryCalls 0000000180012040     kernel32:KERNEL32.dll
 0002:00000048       __imp_InitializeSListHead  0000000180012048     kernel32:KERNEL32.dll
 0002:00000050       __imp_IsDebuggerPresent    0000000180012050     kernel32:KERNEL32.dll
 0002:00000058       __imp_GetStartupInfoW      0000000180012058     kernel32:KERNEL32.dll
 0002:00000060       __imp_GetModuleHandleW     0000000180012060     kernel32:KERNEL32.dll
 0002:00000068       __imp_SetUnhandledExceptionFilter 0000000180012068     kernel32:KERNEL32.dll
 0002:00000070       __imp_UnhandledExceptionFilter 0000000180012070     kernel32:KERNEL32.dll
 0002:00000078       __imp_RtlVirtualUnwind     0000000180012078     kernel32:KERNEL32.dll
 0002:00000080       __imp_GetCurrentProcess    0000000180012080     kernel32:KERNEL32.dll
 0002:00000088       \177KERNEL32_NULL_THUNK_DATA 0000000180012088     kernel32:KERNEL32.dll
 0002:00000090       __imp_memcpy               0000000180012090     vcruntime:VCRUNTIME140.dll
 0002:00000098       __imp___C_specific_handler 0000000180012098     vcruntime:VCRUNTIME140.dll
 0002:000000a0       __imp___std_type_info_destroy_list 00000001800120a0     vcruntime:VCRUNTIME140.dll
 0002:000000a8       __imp_memset               00000001800120a8     vcruntime:VCRUNTIME140.dll
 0002:000000b0       \177VCRUNTIME140_NULL_THUNK_DATA 00000001800120b0     vcruntime:VCRUNTIME140.dll
 0002:000000b8       __imp_free                 00000001800120b8     ucrt:api-ms-win-crt-heap-l1-1-0.dll
 0002:000000c0       __imp_malloc               00000001800120c0     ucrt:api-ms-win-crt-heap-l1-1-0.dll
 0002:000000c8       \177api-ms-win-crt-heap-l1-1-0_NULL_THUNK_DATA 00000001800120c8     ucrt:api-ms-win-crt-heap-l1-1-0.dll
 0002:000000d0       __imp__seh_filter_dll      00000001800120d0     ucrt:api-ms-win-crt-runtime-l1-1-0.dll
 0002:000000d8       __imp__initterm_e          00000001800120d8     ucrt:api-ms-win-crt-runtime-l1-1-0.dll
 0002:000000e0       __imp__initialize_narrow_environment 00000001800120e0     ucrt:api-ms-win-crt-runtime-l1-1-0.dll
 0002:000000e8       __imp__initialize_onexit_table 00000001800120e8     ucrt:api-ms-win-crt-runtime-l1-1-0.dll
 0002:000000f0       __imp__register_onexit_function 00000001800120f0     ucrt:api-ms-win-crt-runtime-l1-1-0.dll
 0002:000000f8       __imp__execute_onexit_table 00000001800120f8     ucrt:api-ms-win-crt-runtime-l1-1-0.dll
 0002:00000100       __imp__crt_atexit          0000000180012100     ucrt:api-ms-win-crt-runtime-l1-1-0.dll
 0002:00000108       __imp__crt_at_quick_exit   0000000180012108     ucrt:api-ms-win-crt-runtime-l1-1-0.dll
 0002:00000110       __imp__cexit               0000000180012110     ucrt:api-ms-win-crt-runtime-l1-1-0.dll
 0002:00000118       __imp_terminate            0000000180012118     ucrt:api-ms-win-crt-runtime-l1-1-0.dll
 0002:00000120       __imp__initterm            0000000180012120     ucrt:api-ms-win-crt-runtime-l1-1-0.dll
 0002:00000128       __imp__configure_narrow_argv 0000000180012128     ucrt:api-ms-win-crt-runtime-l1-1-0.dll
 0002:00000130       \177api-ms-win-crt-runtime-l1-1-0_NULL_THUNK_DATA 0000000180012130     ucrt:api-ms-win-crt-runtime-l1-1-0.dll
 0002:00000138       __imp___stdio_common_vsprintf 0000000180012138     ucrt:api-ms-win-crt-stdio-l1-1-0.dll
 0002:00000140       \177api-ms-win-crt-stdio-l1-1-0_NULL_THUNK_DATA 0000000180012140     ucrt:api-ms-win-crt-stdio-l1-1-0.dll
 0002:00000148       __imp_strlen               0000000180012148     ucrt:api-ms-win-crt-string-l1-1-0.dll
 0002:00000150       __imp_strcmp               0000000180012150     ucrt:api-ms-win-crt-string-l1-1-0.dll
 0002:00000158       \177api-ms-win-crt-string-l1-1-0_NULL_THUNK_DATA 0000000180012158     ucrt:api-ms-win-crt-string-l1-1-0.dll
 0002:00000160       __imp_mexIsLocked          0000000180012160     libmex:libmex.dll
 0002:00000168       __imp_mexUnlock            0000000180012168     libmex:libmex.dll
 0002:00000170       __imp_mexLock              0000000180012170     libmex:libmex.dll
 0002:00000178       __imp_mexCallMATLABWithObject 0000000180012178     libmex:libmex.dll
 0002:00000180       __imp_mexWarnMsgTxt        0000000180012180     libmex:libmex.dll
 0002:00000188       __imp_mexErrMsgTxt         0000000180012188     libmex:libmex.dll
 0002:00000190       __imp_mexMakeArrayPersistent 0000000180012190     libmex:libmex.dll
 0002:00000198       \177libmex_NULL_THUNK_DATA 0000000180012198     libmex:libmex.dll
 0002:000001a0       __imp_mxGetN               00000001800121a0     libmx:libmx.dll
 0002:000001a8       __imp_mxIsComplex          00000001800121a8     libmx:libmx.dll
 0002:000001b0       __imp_mxIsNumeric          00000001800121b0     libmx:libmx.dll
 0002:000001b8       __imp_mxGetClassID         00000001800121b8     libmx:libmx.dll
 0002:000001c0       __imp_mxGetM               00000001800121c0     libmx:libmx.dll
 0002:000001c8       __imp_mxCalloc             00000001800121c8     libmx:libmx.dll
 0002:000001d0       __imp_mxCreateStructArray_730 00000001800121d0     libmx:libmx.dll
 0002:000001d8       __imp_mxCreateStructMatrix_730 00000001800121d8     libmx:libmx.dll
 0002:000001e0       __imp_mxCreateCellArray_730 00000001800121e0     libmx:libmx.dll
 0002:000001e8       __imp_mxCreateCellMatrix_730 00000001800121e8     libmx:libmx.dll
 0002:000001f0       __imp_mxCreateString       00000001800121f0     libmx:libmx.dll
 0002:000001f8       __imp_mxCreateDoubleScalar 00000001800121f8     libmx:libmx.dll
 0002:00000200       __imp_mxSetField_730       0000000180012200     libmx:libmx.dll
 0002:00000208       __imp_mxDuplicateArray     0000000180012208     libmx:libmx.dll
 0002:00000210       __imp_mxGetString_730      0000000180012210     libmx:libmx.dll
 0002:00000218       __imp_mxCreateDoubleMatrix_730 0000000180012218     libmx:libmx.dll
 0002:00000220       __imp_mxDestroyArray       0000000180012220     libmx:libmx.dll
 0002:00000228       __imp_mxGetScalar          0000000180012228     libmx:libmx.dll
 0002:00000230       __imp_mxIsChar             0000000180012230     libmx:libmx.dll
 0002:00000238       __imp_mxGetPr              0000000180012238     libmx:libmx.dll
 0002:00000240       \177libmx_NULL_THUNK_DATA  0000000180012240     libmx:libmx.dll
 0002:00000248       __imp_utMalloc             0000000180012248     libut:libut.dll
 0002:00000250       __imp_utFree               0000000180012250     libut:libut.dll
 0002:00000258       \177libut_NULL_THUNK_DATA  0000000180012258     libut:libut.dll
 0002:00000260       __imp_sf_debug_create_debug_instance_struct 0000000180012260     sf_runtime:sf_runtime.dll
 0002:00000268       __imp_sf_clear_error_manager_info 0000000180012268     sf_runtime:sf_runtime.dll
 0002:00000270       __imp_sf_mex_error_direct_call 0000000180012270     sf_runtime:sf_runtime.dll
 0002:00000278       __imp_getRuntimeInstanceInfoAsVoid 0000000180012278     sf_runtime:sf_runtime.dll
 0002:00000280       __imp_call_sf_machine_global_method_dispatcher 0000000180012280     sf_runtime:sf_runtime.dll
 0002:00000288       __imp_callMdlMethodAndReportError 0000000180012288     sf_runtime:sf_runtime.dll
 0002:00000290       __imp_sf_get_hasSeparateUpdateOutputs 0000000180012290     sf_runtime:sf_runtime.dll
 0002:00000298       __imp_sf_get_ChartInfoStruct_CodeGen 0000000180012298     sf_runtime:sf_runtime.dll
 0002:000002a0       __imp_sf_debug_cv_init_state 00000001800122a0     sf_runtime:sf_runtime.dll
 0002:000002a8       __imp_sf_debug_cv_init_chart 00000001800122a8     sf_runtime:sf_runtime.dll
 0002:000002b0       __imp_sf_debug_cv_init_trans 00000001800122b0     sf_runtime:sf_runtime.dll
 0002:000002b8       __imp_sf_debug_terminate   00000001800122b8     sf_runtime:sf_runtime.dll
 0002:000002c0       __imp_sf_debug_set_chart_substate_count 00000001800122c0     sf_runtime:sf_runtime.dll
 0002:000002c8       __imp_sf_debug_set_chart_decomposition 00000001800122c8     sf_runtime:sf_runtime.dll
 0002:000002d0       __imp_sf_debug_set_chart_state_info 00000001800122d0     sf_runtime:sf_runtime.dll
 0002:000002d8       __imp_sf_debug_set_chart_event_thresholds 00000001800122d8     sf_runtime:sf_runtime.dll
 0002:000002e0       __imp_sf_debug_set_chart_disable_implicit_casting 00000001800122e0     sf_runtime:sf_runtime.dll
 0002:000002e8       __imp_sf_debug_set_instance_data_value_ptr 00000001800122e8     sf_runtime:sf_runtime.dll
 0002:000002f0       __imp_sf_debug_symbol_scope_add_eml_importable 00000001800122f0     sf_runtime:sf_runtime.dll
 0002:000002f8       __imp_sf_debug_symbol_scope_add_eml 00000001800122f8     sf_runtime:sf_runtime.dll
 0002:00000300       __imp_sf_debug_symbol_scope_pop 0000000180012300     sf_runtime:sf_runtime.dll
 0002:00000308       __imp_sf_debug_symbol_scope_push_eml 0000000180012308     sf_runtime:sf_runtime.dll
 0002:00000310       __imp_sf_debug_symbol_scope_push 0000000180012310     sf_runtime:sf_runtime.dll
 0002:00000318       __imp_sf_debug_set_chart_data_compiled_props 0000000180012318     sf_runtime:sf_runtime.dll
 0002:00000320       __imp_sf_debug_api         0000000180012320     sf_runtime:sf_runtime.dll
 0002:00000328       __imp_sf_debug_data_range_wrapper 0000000180012328     sf_runtime:sf_runtime.dll
 0002:00000330       __imp_sf_debug_set_chart_data_props 0000000180012330     sf_runtime:sf_runtime.dll
 0002:00000338       __imp_sf_debug_check_for_state_inconsistency 0000000180012338     sf_runtime:sf_runtime.dll
 0002:00000340       __imp_sf_debug_reset_current_state_configuration 0000000180012340     sf_runtime:sf_runtime.dll
 0002:00000348       __imp_cv_eml_init_fcn      0000000180012348     sf_runtime:sf_runtime.dll
 0002:00000350       __imp_cv_eml_init_script   0000000180012350     sf_runtime:sf_runtime.dll
 0002:00000358       __imp_cv_eml_eval          0000000180012358     sf_runtime:sf_runtime.dll
 0002:00000360       __imp_eml_debug_line_call  0000000180012360     sf_runtime:sf_runtime.dll
 0002:00000368       __imp_sf_debug_call        0000000180012368     sf_runtime:sf_runtime.dll
 0002:00000370       __imp_sf_debug_initialize_chart 0000000180012370     sf_runtime:sf_runtime.dll
 0002:00000378       __imp_ssGetOutputPortSignal_wrapper 0000000180012378     sf_runtime:sf_runtime.dll
 0002:00000380       __imp_ssGetInputPortSignal_wrapper 0000000180012380     sf_runtime:sf_runtime.dll
 0002:00000388       __imp_sf_mex_decode_encoded_mx_struct_array 0000000180012388     sf_runtime:sf_runtime.dll
 0002:00000390       __imp_sf_mex_import        0000000180012390     sf_runtime:sf_runtime.dll
 0002:00000398       __imp_sf_mex_destroy       0000000180012398     sf_runtime:sf_runtime.dll
 0002:000003a0       __imp_sf_mex_dup           00000001800123a0     sf_runtime:sf_runtime.dll
 0002:000003a8       __imp_sf_mex_assign        00000001800123a8     sf_runtime:sf_runtime.dll
 0002:000003b0       __imp_sf_mex_getcell       00000001800123b0     sf_runtime:sf_runtime.dll
 0002:000003b8       __imp_sf_mex_setcell       00000001800123b8     sf_runtime:sf_runtime.dll
 0002:000003c0       __imp_sf_mex_createcellmatrix 00000001800123c0     sf_runtime:sf_runtime.dll
 0002:000003c8       __imp_sf_mex_create        00000001800123c8     sf_runtime:sf_runtime.dll
 0002:000003d0       __imp_sf_mex_error_message 00000001800123d0     sf_runtime:sf_runtime.dll
 0002:000003d8       __imp_ssSetBlockIsPurelyCombinatorial_wrapper 00000001800123d8     sf_runtime:sf_runtime.dll
 0002:000003e0       __imp_sf_register_codegen_names_for_scoped_functions_defined_by_chart 00000001800123e0     sf_runtime:sf_runtime.dll
 0002:000003e8       __imp_sf_set_chart_accesses_machine_info 00000001800123e8     sf_runtime:sf_runtime.dll
 0002:000003f0       __imp_sf_is_first_init_cond 00000001800123f0     sf_runtime:sf_runtime.dll
 0002:000003f8       __imp_sf_get_time          00000001800123f8     sf_runtime:sf_runtime.dll
 0002:00000400       __imp_sf_set_rtw_dwork_info 0000000180012400     sf_runtime:sf_runtime.dll
 0002:00000408       __imp_sf_clear_rtw_identifier 0000000180012408     sf_runtime:sf_runtime.dll
 0002:00000410       __imp_sim_mode_is_modelref_sim 0000000180012410     sf_runtime:sf_runtime.dll
 0002:00000418       __imp_sim_mode_is_external 0000000180012418     sf_runtime:sf_runtime.dll
 0002:00000420       __imp_sim_mode_is_rtw_gen  0000000180012420     sf_runtime:sf_runtime.dll
 0002:00000428       __imp_sf_mark_chart_expressionable_inputs 0000000180012428     sf_runtime:sf_runtime.dll
 0002:00000430       __imp_sf_mark_chart_reusable_outputs 0000000180012430     sf_runtime:sf_runtime.dll
 0002:00000438       __imp_sf_is_chart_inlinable 0000000180012438     sf_runtime:sf_runtime.dll
 0002:00000440       __imp_sf_update_buildInfo  0000000180012440     sf_runtime:sf_runtime.dll
 0002:00000448       __imp_sf_rtw_info_uint_prop 0000000180012448     sf_runtime:sf_runtime.dll
 0002:00000450       __imp_sf_get_chart_instance_ptr 0000000180012450     sf_runtime:sf_runtime.dll
 0002:00000458       __imp_sfrtGetEmlrtCtx      0000000180012458     sf_runtime:sf_runtime.dll
 0002:00000460       __imp_sf_free_ChartRunTimeInfo 0000000180012460     sf_runtime:sf_runtime.dll
 0002:00000468       __imp_sf_init_ChartRunTimeInfo 0000000180012468     sf_runtime:sf_runtime.dll
 0002:00000470       __imp_sf_debug_set_machine_data_thresholds 0000000180012470     sf_runtime:sf_runtime.dll
 0002:00000478       __imp_sf_debug_set_machine_event_thresholds 0000000180012478     sf_runtime:sf_runtime.dll
 0002:00000480       __imp_sf_debug_initialize_machine 0000000180012480     sf_runtime:sf_runtime.dll
 0002:00000488       __imp_sf_load_rtw_optimization_info 0000000180012488     sf_runtime:sf_runtime.dll
 0002:00000490       \177sf_runtime_NULL_THUNK_DATA 0000000180012490     sf_runtime:sf_runtime.dll
 0002:00000498       __guard_check_icall_fptr   0000000180012498     MSVCRT:guard_support.obj
 0002:000004a0       __guard_dispatch_icall_fptr 00000001800124a0     MSVCRT:guard_support.obj
 0002:000004a8       __xc_a                     00000001800124a8     MSVCRT:initializers.obj
 0002:000004b0       __xc_z                     00000001800124b0     MSVCRT:initializers.obj
 0002:000004b8       __xi_a                     00000001800124b8     MSVCRT:initializers.obj
 0002:000004c0       __xi_z                     00000001800124c0     MSVCRT:initializers.obj
 0002:000004c8       __xp_a                     00000001800124c8     MSVCRT:initializers.obj
 0002:000004d0       __xp_z                     00000001800124d0     MSVCRT:initializers.obj
 0002:000004d8       __xt_a                     00000001800124d8     MSVCRT:initializers.obj
 0002:000004e0       __xt_z                     00000001800124e0     MSVCRT:initializers.obj
 0002:000004f0       __real@41ab8b20fa000000    00000001800124f0     linear_ref_track_sfun.obj
 0002:000004f8       __real@41b96935c1000000    00000001800124f8     linear_ref_track_sfun.obj
 0002:00000500       __real@41bcb3ffa6000000    0000000180012500     linear_ref_track_sfun.obj
 0002:00000508       __real@41c94afaff000000    0000000180012508     linear_ref_track_sfun.obj
 0002:00000510       __real@41ced3bf04000000    0000000180012510     linear_ref_track_sfun.obj
 0002:00000518       __real@41e4d92a12e00000    0000000180012518     linear_ref_track_sfun.obj
 0002:00000520       __real@41e6317d4c600000    0000000180012520     linear_ref_track_sfun.obj
 0002:00000528       __real@41e6820e76c00000    0000000180012528     linear_ref_track_sfun.obj
 0002:00000530       __real@41ea5bc42c800000    0000000180012530     linear_ref_track_sfun.obj
 0002:00000538       __real@41ebead78b600000    0000000180012538     linear_ref_track_sfun.obj
 0002:00000540       __real@41ed4b84e9000000    0000000180012540     linear_ref_track_sfun.obj
 0002:00000548       __real@41ed9c3f15a00000    0000000180012548     linear_ref_track_sfun.obj
 0002:00000550       __real@3fe0000000000000    0000000180012550     c1_linear_ref_track.obj
 0002:00000558       __real@3ff0000000000000    0000000180012558     c1_linear_ref_track.obj
 0002:00000560       __real@4000000000000000    0000000180012560     c1_linear_ref_track.obj
 0002:00000568       __real@4008000000000000    0000000180012568     c1_linear_ref_track.obj
 0002:00000570       __real@4010000000000000    0000000180012570     c1_linear_ref_track.obj
 0002:00000578       __real@4014000000000000    0000000180012578     c1_linear_ref_track.obj
 0002:00000580       __real@4015333333333333    0000000180012580     c1_linear_ref_track.obj
 0002:00000588       __real@4021e3779b97f4a8    0000000180012588     c1_linear_ref_track.obj
 0002:00000590       __real@4024000000000000    0000000180012590     c1_linear_ref_track.obj
 0002:00000598       __real@4034000000000000    0000000180012598     c1_linear_ref_track.obj
 0002:000005a0       __real@4059000000000000    00000001800125a0     c1_linear_ref_track.obj
 0002:000005a8       __real@408f400000000000    00000001800125a8     c1_linear_ref_track.obj
 0002:000005b0       __real@41a72809a8000000    00000001800125b0     c1_linear_ref_track.obj
 0002:000005b8       __real@41c3196b10800000    00000001800125b8     c1_linear_ref_track.obj
 0002:000005c0       __real@41ded7af72800000    00000001800125c0     c1_linear_ref_track.obj
 0002:000005c8       __real@41deef3c71c00000    00000001800125c8     c1_linear_ref_track.obj
 0002:000005d0       __real@c033000000000000    00000001800125d0     c1_linear_ref_track.obj
 0002:000005d8       __real@c034000000000000    00000001800125d8     c1_linear_ref_track.obj
 0002:000005e0       __real@c08f400000000000    00000001800125e0     c1_linear_ref_track.obj
 0002:000005f0       __xmm@80000000000000008000000000000000 00000001800125f0     c1_linear_ref_track.obj
 0002:00000600       DYNAMIC_DIMENSION_DEF      0000000180012600     linear_ref_track_sfun_registry.obj
 0002:00000618       __real@0000000000000000    0000000180012618     linear_ref_track_sfun_registry.obj
 0002:00000620       __real@41602cbca0000000    0000000180012620     linear_ref_track_sfun_registry.obj
 0002:00000628       __real@bff0000000000000    0000000180012628     linear_ref_track_sfun_registry.obj
 0002:00000640       _pDefaultRawDllMain        0000000180012640     MSVCRT:dll_dllmain.obj
 0002:00000640       _pRawDllMain               0000000180012640     MSVCRT:dll_dllmain.obj
 0002:00000670       _load_config_used          0000000180012670     MSVCRT:loadcfg.obj
 0002:00000930       __rtc_iaa                  0000000180012930     MSVCRT:_initsect_.obj
 0002:00000938       __rtc_izz                  0000000180012938     MSVCRT:_initsect_.obj
 0002:00000940       __rtc_taa                  0000000180012940     MSVCRT:_initsect_.obj
 0002:00000948       __rtc_tzz                  0000000180012948     MSVCRT:_initsect_.obj
 0002:00001250       __IMPORT_DESCRIPTOR_sf_runtime 0000000180013250     sf_runtime:sf_runtime.dll
 0002:00001264       __IMPORT_DESCRIPTOR_libmx  0000000180013264     libmx:libmx.dll
 0002:00001278       __IMPORT_DESCRIPTOR_libmex 0000000180013278     libmex:libmex.dll
 0002:0000128c       __IMPORT_DESCRIPTOR_libut  000000018001328c     libut:libut.dll
 0002:000012a0       __IMPORT_DESCRIPTOR_KERNEL32 00000001800132a0     kernel32:KERNEL32.dll
 0002:000012b4       __IMPORT_DESCRIPTOR_VCRUNTIME140 00000001800132b4     vcruntime:VCRUNTIME140.dll
 0002:000012c8       __IMPORT_DESCRIPTOR_api-ms-win-crt-string-l1-1-0 00000001800132c8     ucrt:api-ms-win-crt-string-l1-1-0.dll
 0002:000012dc       __IMPORT_DESCRIPTOR_api-ms-win-crt-stdio-l1-1-0 00000001800132dc     ucrt:api-ms-win-crt-stdio-l1-1-0.dll
 0002:000012f0       __IMPORT_DESCRIPTOR_api-ms-win-crt-heap-l1-1-0 00000001800132f0     ucrt:api-ms-win-crt-heap-l1-1-0.dll
 0002:00001304       __IMPORT_DESCRIPTOR_api-ms-win-crt-runtime-l1-1-0 0000000180013304     ucrt:api-ms-win-crt-runtime-l1-1-0.dll
 0002:00001318       __NULL_IMPORT_DESCRIPTOR   0000000180013318     sf_runtime:sf_runtime.dll
 0003:00002180       DYNAMIC_DIMENSION          0000000180017180     linear_ref_track_sfun_registry.obj
 0003:00002df0       __security_cookie          0000000180017df0     MSVCRT:gs_cookie.obj
 0003:00002df8       __security_cookie_complement 0000000180017df8     MSVCRT:gs_cookie.obj
 0003:00002e00       _fltused                   0000000180017e00     MSVCRT:dllsupp.obj
 0003:00002e04       __scrt_native_dllmain_reason 0000000180017e04     MSVCRT:utility.obj
 0003:00002e08       __isa_available            0000000180017e08     MSVCRT:_cpu_disp_.obj
 0003:00002e0c       __isa_enabled              0000000180017e0c     MSVCRT:_cpu_disp_.obj
 0003:00002e10       __memcpy_nt_iters          0000000180017e10     MSVCRT:_cpu_disp_.obj
 0003:00002e20       __scrt_ucrt_dll_is_in_use  0000000180017e20     MSVCRT:ucrt_stubs.obj
 0003:00002e50       sfGlobalDebugInstanceStruct 0000000180017e50     linear_ref_track_sfun_registry.obj
 0003:000043d8       __scrt_current_native_startup_state 00000001800193d8     MSVCRT:utility.obj
 0003:000043e0       __scrt_native_startup_lock 00000001800193e0     MSVCRT:utility.obj
 0003:00004420       ?__type_info_root_node@@3U__type_info_node@@A 0000000180019420     MSVCRT:tncleanup.obj
 0003:00004430       ?_OptionsStorage@?1??__local_stdio_printf_options@@9@4_KA 0000000180019430     MSVCRT:default_local_stdio_options.obj
 0003:00004438       ?_OptionsStorage@?1??__local_stdio_scanf_options@@9@4_KA 0000000180019438     MSVCRT:default_local_stdio_options.obj
 0003:00004440       __scrt_debugger_hook_flag  0000000180019440     MSVCRT:utility_desktop.obj
 0003:00004444       __favor                    0000000180019444     MSVCRT:_cpu_disp_.obj
 0003:00004448       ?_OptionsStorage@?1??__local_stdio_printf_options@@9@9 0000000180019448     <common>
 0003:00004450       _linear_ref_trackMachineNumber_ 0000000180019450     <common>
 0003:00004458       __dyn_tls_init_callback    0000000180019458     <common>

 entry point at        0001:0000f878

 Static symbols

 0000:00000000       .debug$S                   0000000180000000     sf_runtime:sf_runtime.dll
 0000:00000000       .debug$S                   0000000180000000     linear_ref_track_sfun.exp
 0000:00000000       .debug$S                   0000000180000000     sf_runtime:sf_runtime.dll
 0000:00000000       .debug$S                   0000000180000000     sf_runtime:sf_runtime.dll
 0000:00000000       .debug$S                   0000000180000000     sf_runtime:sf_runtime.dll
 0000:00000000       .debug$S                   0000000180000000     sf_runtime:sf_runtime.dll
 0000:00000000       .debug$S                   0000000180000000     sf_runtime:sf_runtime.dll
 0000:00000000       .debug$S                   0000000180000000     sf_runtime:sf_runtime.dll
 0000:00000000       .debug$S                   0000000180000000     ucrt:api-ms-win-crt-heap-l1-1-0.dll
 0000:00000000       .debug$S                   0000000180000000     ucrt:api-ms-win-crt-heap-l1-1-0.dll
 0000:00000000       .debug$S                   0000000180000000     ucrt:api-ms-win-crt-runtime-l1-1-0.dll
 0000:00000000       .debug$S                   0000000180000000     ucrt:api-ms-win-crt-runtime-l1-1-0.dll
 0000:00000000       .debug$S                   0000000180000000     ucrt:api-ms-win-crt-runtime-l1-1-0.dll
 0000:00000000       .debug$S                   0000000180000000     ucrt:api-ms-win-crt-runtime-l1-1-0.dll
 0000:00000000       .debug$S                   0000000180000000     ucrt:api-ms-win-crt-runtime-l1-1-0.dll
 0000:00000000       .debug$S                   0000000180000000     ucrt:api-ms-win-crt-runtime-l1-1-0.dll
 0000:00000000       .debug$S                   0000000180000000     ucrt:api-ms-win-crt-runtime-l1-1-0.dll
 0000:00000000       .debug$S                   0000000180000000     ucrt:api-ms-win-crt-runtime-l1-1-0.dll
 0000:00000000       .debug$S                   0000000180000000     ucrt:api-ms-win-crt-runtime-l1-1-0.dll
 0000:00000000       .debug$S                   0000000180000000     ucrt:api-ms-win-crt-runtime-l1-1-0.dll
 0000:00000000       .debug$S                   0000000180000000     ucrt:api-ms-win-crt-runtime-l1-1-0.dll
 0000:00000000       .debug$S                   0000000180000000     ucrt:api-ms-win-crt-runtime-l1-1-0.dll
 0000:00000000       .debug$S                   0000000180000000     sf_runtime:sf_runtime.dll
 0000:00000000       .debug$S                   0000000180000000     ucrt:api-ms-win-crt-stdio-l1-1-0.dll
 0000:00000000       .debug$S                   0000000180000000     sf_runtime:sf_runtime.dll
 0000:00000000       .debug$S                   0000000180000000     ucrt:api-ms-win-crt-string-l1-1-0.dll
 0000:00000000       .debug$S                   0000000180000000     ucrt:api-ms-win-crt-string-l1-1-0.dll
 0000:00000000       .debug$S                   0000000180000000     sf_runtime:sf_runtime.dll
 0000:00000000       .debug$S                   0000000180000000     vcruntime:VCRUNTIME140.dll
 0000:00000000       .debug$S                   0000000180000000     vcruntime:VCRUNTIME140.dll
 0000:00000000       .debug$S                   0000000180000000     vcruntime:VCRUNTIME140.dll
 0000:00000000       .debug$S                   0000000180000000     vcruntime:VCRUNTIME140.dll
 0000:00000000       .debug$S                   0000000180000000     sf_runtime:sf_runtime.dll
 0000:00000000       .debug$S                   0000000180000000     kernel32:KERNEL32.dll
 0000:00000000       .debug$S                   0000000180000000     kernel32:KERNEL32.dll
 0000:00000000       .debug$S                   0000000180000000     kernel32:KERNEL32.dll
 0000:00000000       .debug$S                   0000000180000000     kernel32:KERNEL32.dll
 0000:00000000       .debug$S                   0000000180000000     kernel32:KERNEL32.dll
 0000:00000000       .debug$S                   0000000180000000     kernel32:KERNEL32.dll
 0000:00000000       .debug$S                   0000000180000000     kernel32:KERNEL32.dll
 0000:00000000       .debug$S                   0000000180000000     kernel32:KERNEL32.dll
 0000:00000000       .debug$S                   0000000180000000     kernel32:KERNEL32.dll
 0000:00000000       .debug$S                   0000000180000000     kernel32:KERNEL32.dll
 0000:00000000       .debug$S                   0000000180000000     kernel32:KERNEL32.dll
 0000:00000000       .debug$S                   0000000180000000     kernel32:KERNEL32.dll
 0000:00000000       .debug$S                   0000000180000000     kernel32:KERNEL32.dll
 0000:00000000       .debug$S                   0000000180000000     kernel32:KERNEL32.dll
 0000:00000000       .debug$S                   0000000180000000     kernel32:KERNEL32.dll
 0000:00000000       .debug$S                   0000000180000000     kernel32:KERNEL32.dll
 0000:00000000       .debug$S                   0000000180000000     kernel32:KERNEL32.dll
 0000:00000000       .debug$S                   0000000180000000     sf_runtime:sf_runtime.dll
 0000:00000000       .debug$S                   0000000180000000     sf_runtime:sf_runtime.dll
 0000:00000000       .debug$S                   0000000180000000     sf_runtime:sf_runtime.dll
 0000:00000000       .debug$S                   0000000180000000     sf_runtime:sf_runtime.dll
 0000:00000000       .debug$S                   0000000180000000     sf_runtime:sf_runtime.dll
 0000:00000000       .debug$S                   0000000180000000     sf_runtime:sf_runtime.dll
 0000:00000000       .debug$S                   0000000180000000     sf_runtime:sf_runtime.dll
 0000:00000000       .debug$S                   0000000180000000     sf_runtime:sf_runtime.dll
 0000:00000000       .debug$S                   0000000180000000     sf_runtime:sf_runtime.dll
 0000:00000000       .debug$S                   0000000180000000     sf_runtime:sf_runtime.dll
 0000:00000000       .debug$S                   0000000180000000     sf_runtime:sf_runtime.dll
 0000:00000000       .debug$S                   0000000180000000     sf_runtime:sf_runtime.dll
 0000:00000000       .debug$S                   0000000180000000     sf_runtime:sf_runtime.dll
 0000:00000000       .debug$S                   0000000180000000     sf_runtime:sf_runtime.dll
 0000:00000000       .debug$S                   0000000180000000     sf_runtime:sf_runtime.dll
 0000:00000000       .debug$S                   0000000180000000     sf_runtime:sf_runtime.dll
 0000:00000000       .debug$S                   0000000180000000     sf_runtime:sf_runtime.dll
 0000:00000000       .debug$S                   0000000180000000     sf_runtime:sf_runtime.dll
 0000:00000000       .debug$S                   0000000180000000     sf_runtime:sf_runtime.dll
 0000:00000000       .debug$S                   0000000180000000     sf_runtime:sf_runtime.dll
 0000:00000000       .debug$S                   0000000180000000     sf_runtime:sf_runtime.dll
 0000:00000000       .debug$S                   0000000180000000     sf_runtime:sf_runtime.dll
 0000:00000000       .debug$S                   0000000180000000     sf_runtime:sf_runtime.dll
 0000:00000000       .debug$S                   0000000180000000     libmx:libmx.dll
 0000:00000000       .debug$S                   0000000180000000     sf_runtime:sf_runtime.dll
 0000:00000000       .debug$S                   0000000180000000     sf_runtime:sf_runtime.dll
 0000:00000000       .debug$S                   0000000180000000     sf_runtime:sf_runtime.dll
 0000:00000000       .debug$S                   0000000180000000     sf_runtime:sf_runtime.dll
 0000:00000000       .debug$S                   0000000180000000     sf_runtime:sf_runtime.dll
 0000:00000000       .debug$S                   0000000180000000     sf_runtime:sf_runtime.dll
 0000:00000000       .debug$S                   0000000180000000     sf_runtime:sf_runtime.dll
 0000:00000000       .debug$S                   0000000180000000     sf_runtime:sf_runtime.dll
 0000:00000000       .debug$S                   0000000180000000     sf_runtime:sf_runtime.dll
 0000:00000000       .debug$S                   0000000180000000     sf_runtime:sf_runtime.dll
 0000:00000000       .debug$S                   0000000180000000     sf_runtime:sf_runtime.dll
 0000:00000000       .debug$S                   0000000180000000     sf_runtime:sf_runtime.dll
 0000:00000000       .debug$S                   0000000180000000     sf_runtime:sf_runtime.dll
 0000:00000000       .debug$S                   0000000180000000     sf_runtime:sf_runtime.dll
 0000:00000000       .debug$S                   0000000180000000     sf_runtime:sf_runtime.dll
 0000:00000000       .debug$S                   0000000180000000     sf_runtime:sf_runtime.dll
 0000:00000000       .debug$S                   0000000180000000     sf_runtime:sf_runtime.dll
 0000:00000000       .debug$S                   0000000180000000     sf_runtime:sf_runtime.dll
 0000:00000000       .debug$S                   0000000180000000     sf_runtime:sf_runtime.dll
 0000:00000000       .debug$S                   0000000180000000     sf_runtime:sf_runtime.dll
 0000:00000000       .debug$S                   0000000180000000     sf_runtime:sf_runtime.dll
 0000:00000000       .debug$S                   0000000180000000     sf_runtime:sf_runtime.dll
 0000:00000000       .debug$S                   0000000180000000     sf_runtime:sf_runtime.dll
 0000:00000000       .debug$S                   0000000180000000     sf_runtime:sf_runtime.dll
 0000:00000000       .debug$S                   0000000180000000     sf_runtime:sf_runtime.dll
 0000:00000000       .debug$S                   0000000180000000     sf_runtime:sf_runtime.dll
 0000:00000000       .debug$S                   0000000180000000     sf_runtime:sf_runtime.dll
 0000:00000000       .debug$S                   0000000180000000     sf_runtime:sf_runtime.dll
 0000:00000000       .debug$S                   0000000180000000     sf_runtime:sf_runtime.dll
 0000:00000000       .debug$S                   0000000180000000     sf_runtime:sf_runtime.dll
 0000:00000000       .debug$S                   0000000180000000     sf_runtime:sf_runtime.dll
 0000:00000000       .debug$S                   0000000180000000     sf_runtime:sf_runtime.dll
 0000:00000000       .debug$S                   0000000180000000     sf_runtime:sf_runtime.dll
 0000:00000000       .debug$S                   0000000180000000     sf_runtime:sf_runtime.dll
 0000:00000000       .debug$S                   0000000180000000     sf_runtime:sf_runtime.dll
 0000:00000000       .debug$S                   0000000180000000     sf_runtime:sf_runtime.dll
 0000:00000000       .debug$S                   0000000180000000     libmx:libmx.dll
 0000:00000000       .debug$S                   0000000180000000     libmx:libmx.dll
 0000:00000000       .debug$S                   0000000180000000     libmx:libmx.dll
 0000:00000000       .debug$S                   0000000180000000     libmx:libmx.dll
 0000:00000000       .debug$S                   0000000180000000     libut:libut.dll
 0000:00000000       .debug$S                   0000000180000000     libut:libut.dll
 0000:00000000       .debug$S                   0000000180000000     libmx:libmx.dll
 0000:00000000       .debug$S                   0000000180000000     libmex:libmex.dll
 0000:00000000       .debug$S                   0000000180000000     libmex:libmex.dll
 0000:00000000       .debug$S                   0000000180000000     libmex:libmex.dll
 0000:00000000       .debug$S                   0000000180000000     libmex:libmex.dll
 0000:00000000       .debug$S                   0000000180000000     libmex:libmex.dll
 0000:00000000       .debug$S                   0000000180000000     libmex:libmex.dll
 0000:00000000       .debug$S                   0000000180000000     libmex:libmex.dll
 0000:00000000       .debug$S                   0000000180000000     libmx:libmx.dll
 0000:00000000       .debug$S                   0000000180000000     libmx:libmx.dll
 0000:00000000       .debug$S                   0000000180000000     libmx:libmx.dll
 0000:00000000       .debug$S                   0000000180000000     libmx:libmx.dll
 0000:00000000       .debug$S                   0000000180000000     libmx:libmx.dll
 0000:00000000       .debug$S                   0000000180000000     libmx:libmx.dll
 0000:00000000       .debug$S                   0000000180000000     libmx:libmx.dll
 0000:00000000       .debug$S                   0000000180000000     libmx:libmx.dll
 0000:00000000       .debug$S                   0000000180000000     libmx:libmx.dll
 0000:00000000       .debug$S                   0000000180000000     libmx:libmx.dll
 0000:00000000       .debug$S                   0000000180000000     libmx:libmx.dll
 0000:00000000       .debug$S                   0000000180000000     libmx:libmx.dll
 0000:00000000       .debug$S                   0000000180000000     libmx:libmx.dll
 0000:00000000       .debug$S                   0000000180000000     libmx:libmx.dll
 0001:000011c0       chart_debug_initialization 00000001800021c0 f   c1_linear_ref_track.obj
 0001:00001d30       chart_debug_initialize_data_addresses 0000000180002d30 f   c1_linear_ref_track.obj
 0001:00001fa0       initialize_c1_linear_ref_track 0000000180002fa0 f   c1_linear_ref_track.obj
 0001:00002010       initialize_params_c1_linear_ref_track 0000000180003010 f   c1_linear_ref_track.obj
 0001:00002020       enable_c1_linear_ref_track 0000000180003020 f   c1_linear_ref_track.obj
 0001:00002050       disable_c1_linear_ref_track 0000000180003050 f   c1_linear_ref_track.obj
 0001:00002080       c1_update_debugger_state_c1_linear_ref_track 0000000180003080 f   c1_linear_ref_track.obj
 0001:00002090       get_sim_state_c1_linear_ref_track 0000000180003090 f   c1_linear_ref_track.obj
 0001:00002310       set_sim_state_c1_linear_ref_track 0000000180003310 f   c1_linear_ref_track.obj
 0001:00002450       finalize_c1_linear_ref_track 0000000180003450 f   c1_linear_ref_track.obj
 0001:00002460       sf_gateway_c1_linear_ref_track 0000000180003460 f   c1_linear_ref_track.obj
 0001:00003960       mdl_start_c1_linear_ref_track 0000000180004960 f   c1_linear_ref_track.obj
 0001:00003990       initSimStructsc1_linear_ref_track 0000000180004990 f   c1_linear_ref_track.obj
 0001:000039a0       init_script_number_translation 00000001800049a0 f   c1_linear_ref_track.obj
 0001:000039c0       c1_sf_marshallOut          00000001800049c0 f   c1_linear_ref_track.obj
 0001:00003a70       c1_emlrt_marshallIn        0000000180004a70 f   c1_linear_ref_track.obj
 0001:00003ae0       c1_b_emlrt_marshallIn      0000000180004ae0 f   c1_linear_ref_track.obj
 0001:00003b70       c1_sf_marshallIn           0000000180004b70 f   c1_linear_ref_track.obj
 0001:00003c10       c1_b_sf_marshallOut        0000000180004c10 f   c1_linear_ref_track.obj
 0001:00003d00       c1_c_sf_marshallOut        0000000180004d00 f   c1_linear_ref_track.obj
 0001:00003e10       c1_d_emlrt_marshallIn      0000000180004e10 f   c1_linear_ref_track.obj
 0001:00003e80       c1_e_emlrt_marshallIn      0000000180004e80 f   c1_linear_ref_track.obj
 0001:00003f10       init_dsm_address_info      0000000180004f10 f   c1_linear_ref_track.obj
 0001:00003f20       init_simulink_io_address   0000000180004f20 f   c1_linear_ref_track.obj
 0001:00004dd0       sf_get_sim_state_info_c1_linear_ref_track 0000000180005dd0 f   c1_linear_ref_track.obj
 0001:00004ea0       sf_get_instance_specialization 0000000180005ea0 f   c1_linear_ref_track.obj
 0001:00004eb0       sf_opaque_initialize_c1_linear_ref_track 0000000180005eb0 f   c1_linear_ref_track.obj
 0001:00004ef0       sf_opaque_enable_c1_linear_ref_track 0000000180005ef0 f   c1_linear_ref_track.obj
 0001:00004f10       sf_opaque_disable_c1_linear_ref_track 0000000180005f10 f   c1_linear_ref_track.obj
 0001:00004f30       sf_opaque_gateway_c1_linear_ref_track 0000000180005f30 f   c1_linear_ref_track.obj
 0001:00004f50       sf_opaque_get_sim_state_c1_linear_ref_track 0000000180005f50 f   c1_linear_ref_track.obj
 0001:00004f80       sf_opaque_set_sim_state_c1_linear_ref_track 0000000180005f80 f   c1_linear_ref_track.obj
 0001:00004fb0       sf_opaque_terminate_c1_linear_ref_track 0000000180005fb0 f   c1_linear_ref_track.obj
 0001:00005050       mdlProcessParameters_c1_linear_ref_track 0000000180006050 f   c1_linear_ref_track.obj
 0001:00005110       mdlSetWorkWidths_c1_linear_ref_track 0000000180006110 f   c1_linear_ref_track.obj
 0001:000058a0       mdlRTW_c1_linear_ref_track 00000001800068a0 f   c1_linear_ref_track.obj
 0001:000058e0       mdlStart_c1_linear_ref_track 00000001800068e0 f   c1_linear_ref_track.obj
 0001:0000801c       $LN180                     000000018000901c     linear_ref_track_sfun_registry.obj
 0001:0000a1e4       $LN17                      000000018000b1e4     linear_ref_track_sfun_registry.obj
 0001:0000a76c       $LN26                      000000018000b76c     linear_ref_track_sfun_registry.obj
 0001:0000ae54       $LN23                      000000018000be54     linear_ref_track_sfun_registry.obj
 0001:0000b424       $LN26                      000000018000c424     linear_ref_track_sfun_registry.obj
 0001:0000d0d0       sf_debug_api_wrapper       000000018000e0d0 f   linear_ref_track_sfun_registry.obj
 0001:0000d120       ProcessMexSfunctionCmdLineCall 000000018000e120 f   linear_ref_track_sfun_registry.obj
 0001:0000d490       mdlSetWorkWidths           000000018000e490 f   linear_ref_track_sfun_registry.obj
 0001:0000d4e0       mdlProcessParameters       000000018000e4e0 f   linear_ref_track_sfun_registry.obj
 0001:0000d510       mdl_start_processing       000000018000e510 f   linear_ref_track_sfun_registry.obj
 0001:0000d570       mdl_terminate_processing   000000018000e570 f   linear_ref_track_sfun_registry.obj
 0001:0000d630       mdlStart                   000000018000e630 f   linear_ref_track_sfun_registry.obj
 0001:0000d660       mdlTerminate               000000018000e660 f   linear_ref_track_sfun_registry.obj
 0001:0000d690       mdlInitializeSizes         000000018000e690 f   linear_ref_track_sfun_registry.obj
 0001:0000d6c0       mdlInitializeSampleTimes   000000018000e6c0 f   linear_ref_track_sfun_registry.obj
 0001:0000d6f0       mdl_outputs_continuous_legacy 000000018000e6f0 f   linear_ref_track_sfun_registry.obj
 0001:0000d7f0       mdl_outputs_processing     000000018000e7f0 f   linear_ref_track_sfun_registry.obj
 0001:0000d910       mdl_zeroCrossings_processing 000000018000e910 f   linear_ref_track_sfun_registry.obj
 0001:0000d950       mdlZeroCrossings           000000018000e950 f   linear_ref_track_sfun_registry.obj
 0001:0000d980       mdl_derivatives_processing 000000018000e980 f   linear_ref_track_sfun_registry.obj
 0001:0000d9d0       mdlDerivatives             000000018000e9d0 f   linear_ref_track_sfun_registry.obj
 0001:0000da00       mdl_initialize_conditions_processing 000000018000ea00 f   linear_ref_track_sfun_registry.obj
 0001:0000da50       mdlInitializeConditions    000000018000ea50 f   linear_ref_track_sfun_registry.obj
 0001:0000da80       mdl_ext_mode_exec_processing 000000018000ea80 f   linear_ref_track_sfun_registry.obj
 0001:0000dac0       mdlExtModeExec             000000018000eac0 f   linear_ref_track_sfun_registry.obj
 0001:0000daf0       mdlRTW                     000000018000eaf0 f   linear_ref_track_sfun_registry.obj
 0001:0000db30       mdl_enable_processing      000000018000eb30 f   linear_ref_track_sfun_registry.obj
 0001:0000db70       mdlEnable                  000000018000eb70 f   linear_ref_track_sfun_registry.obj
 0001:0000dba0       mdl_disable_processing     000000018000eba0 f   linear_ref_track_sfun_registry.obj
 0001:0000dbe0       mdlDisable                 000000018000ebe0 f   linear_ref_track_sfun_registry.obj
 0001:0000dc10       mdlOutputs                 000000018000ec10 f   linear_ref_track_sfun_registry.obj
 0001:0000dc40       mdl_update_processing      000000018000ec40 f   linear_ref_track_sfun_registry.obj
 0001:0000dc90       mdlUpdate                  000000018000ec90 f   linear_ref_track_sfun_registry.obj
 0001:0000de70       mdlGetTimeOfNextVarHit     000000018000ee70 f   linear_ref_track_sfun_registry.obj
 0001:0000dec0       _RegNumInputPortsCB        000000018000eec0 f   linear_ref_track_sfun_registry.obj
 0001:0000df40       _RegNumOutputPortsCB       000000018000ef40 f   linear_ref_track_sfun_registry.obj
 0001:0000dfc0       _CreateSimStruct           000000018000efc0 f   linear_ref_track_sfun_registry.obj
 0001:0000e1c0       _ProcessMexSfunctionCmdLineCall 000000018000f1c0 f   linear_ref_track_sfun_registry.obj
 0001:0000ec00       ReportIndexOutOfBoundsError 000000018000fc00 f   linear_ref_track_sfun_registry.obj
 0001:0000f38c       capture_current_context    000000018001038c f   MSVCRT:gs_report.obj
 0001:0000f3fc       capture_previous_context   00000001800103fc f   MSVCRT:gs_report.obj
 0001:0000f4f0       $$000000                   00000001800104f0     MSVCRT:_amdsecgs_.obj
 0001:0000f524       ?dllmain_crt_dispatch@@YAHQEAUHINSTANCE__@@KQEAX@Z 0000000180010524 f   MSVCRT:dll_dllmain.obj
 0001:0000f574       ?dllmain_crt_process_attach@@YAHQEAUHINSTANCE__@@QEAX@Z 0000000180010574 f   MSVCRT:dll_dllmain.obj
 0001:0000f6a0       ?dllmain_crt_process_detach@@YAH_N@Z 00000001800106a0 f   MSVCRT:dll_dllmain.obj
 0001:0000f724       ?dllmain_dispatch@@YAHQEAUHINSTANCE__@@KQEAX@Z 0000000180010724 f   MSVCRT:dll_dllmain.obj
 0001:0000f81c       ?dllmain_raw@@YAHQEAUHINSTANCE__@@KQEAX@Z 000000018001081c f   MSVCRT:dll_dllmain.obj
 0001:0000f910       ?find_pe_section@@YAPEAU_IMAGE_SECTION_HEADER@@QEAE_K@Z 0000000180010910 f   MSVCRT:utility.obj
 0001:0000f95c       ?is_potentially_valid_image_base@@YA_NQEAX@Z 000000018001095c f   MSVCRT:utility.obj
 0001:00010490       $$000000                   0000000180011490     MSVCRT:_guard_dispatch_.obj
 0001:000104a2       ?fin$0@?0??dllmain_crt_process_attach@@YAHQEAUHINSTANCE__@@QEAX@Z@4HA 00000001800114a2 f   MSVCRT:dll_dllmain.obj
 0001:000104b9       ?fin$0@?0??dllmain_crt_process_detach@@YAH_N@Z@4HA 00000001800114b9 f   MSVCRT:dll_dllmain.obj
 0001:000104d5       ?filt$0@?0??dllmain_dispatch@@YAHQEAUHINSTANCE__@@KQEAX@Z@4HA 00000001800114d5 f   MSVCRT:dll_dllmain.obj
[...]
 0004:000001bc       $pdata$sf_opaque_initialize_c1_linear_ref_track 000000018001a1bc     c1_linear_ref_track.obj
 0004:000001c8       $pdata$sf_opaque_enable_c1_linear_ref_track 000000018001a1c8     c1_linear_ref_track.obj
 0004:000001d4       $pdata$sf_opaque_disable_c1_linear_ref_track 000000018001a1d4     c1_linear_ref_track.obj
 0004:000001e0       $pdata$sf_opaque_gateway_c1_linear_ref_track 000000018001a1e0     c1_linear_ref_track.obj
 0004:000001ec       $pdata$sf_opaque_get_sim_state_c1_linear_ref_track 000000018001a1ec     c1_linear_ref_track.obj
 0004:000001f8       $pdata$sf_opaque_set_sim_state_c1_linear_ref_track 000000018001a1f8     c1_linear_ref_track.obj
 0004:00000204       $pdata$sf_opaque_terminate_c1_linear_ref_track 000000018001a204     c1_linear_ref_track.obj
 0004:00000210       $pdata$mdlProcessParameters_c1_linear_ref_track 000000018001a210     c1_linear_ref_track.obj
 0004:0000021c       $pdata$mdlSetWorkWidths_c1_linear_ref_track 000000018001a21c     c1_linear_ref_track.obj
 0004:00000228       $pdata$mdlRTW_c1_linear_ref_track 000000018001a228     c1_linear_ref_track.obj
 0004:00000234       $pdata$mdlStart_c1_linear_ref_track 000000018001a234     c1_linear_ref_track.obj
 0004:00000240       $pdata$mexFunction         000000018001a240     linear_ref_track_sfun_registry.obj
 0004:0000024c       $pdata$_ssSetInputPortDirectFeedThroughFcn 000000018001a24c     linear_ref_track_sfun_registry.obj
 0004:00000258       $pdata$_ssGetInputPortSignalPtrsFcn 000000018001a258     linear_ref_track_sfun_registry.obj
 0004:00000264       $pdata$_ssGetInputPortSignalFcn 000000018001a264     linear_ref_track_sfun_registry.obj
 0004:00000270       $pdata$_ssSetInputPortReusableFcn 000000018001a270     linear_ref_track_sfun_registry.obj
 0004:0000027c       $pdata$_ssSetOutputPortReusableFcn 000000018001a27c     linear_ref_track_sfun_registry.obj
 0004:00000288       $pdata$_ssSetSymbolicDimsSupport 000000018001a288     linear_ref_track_sfun_registry.obj
 0004:00000294       $pdata$_ssRegisterSymbolicDimsExpr 000000018001a294     linear_ref_track_sfun_registry.obj
 0004:000002a0       $pdata$_ssRegisterSymbolicDims 000000018001a2a0     linear_ref_track_sfun_registry.obj
 0004:000002ac       $pdata$_ssRegisterSymbolicDimsString 000000018001a2ac     linear_ref_track_sfun_registry.obj
 0004:000002b8       $pdata$_ssRegisterSymbolicDimsIntValue 000000018001a2b8     linear_ref_track_sfun_registry.obj
 0004:000002c4       $pdata$_ssRegisterSymbolicDimsPlus 000000018001a2c4     linear_ref_track_sfun_registry.obj
 0004:000002d0       $pdata$_ssRegisterSymbolicDimsMinus 000000018001a2d0     linear_ref_track_sfun_registry.obj
 0004:000002dc       $pdata$_ssRegisterSymbolicDimsMultiply 000000018001a2dc     linear_ref_track_sfun_registry.obj
 0004:000002e8       $pdata$_ssRegisterSymbolicDimsDivide 000000018001a2e8     linear_ref_track_sfun_registry.obj
 0004:000002f4       $pdata$_ssGetNumSymbolicDims 000000018001a2f4     linear_ref_track_sfun_registry.obj
 0004:00000300       $pdata$_ssGetSymbolicDim   000000018001a300     linear_ref_track_sfun_registry.obj
 0004:0000030c       $pdata$_ssSetInputPortSymbolicDimsId 000000018001a30c     linear_ref_track_sfun_registry.obj
 0004:00000318       $pdata$_ssGetCompInputPortSymbolicDimsId 000000018001a318     linear_ref_track_sfun_registry.obj
 0004:00000324       $pdata$_ssSetCompInputPortSymbolicDimsId 000000018001a324     linear_ref_track_sfun_registry.obj
 0004:00000330       $pdata$_ssSetOutputPortSymbolicDimsId 000000018001a330     linear_ref_track_sfun_registry.obj
 0004:0000033c       $pdata$_ssGetCompOutputPortSymbolicDimsId 000000018001a33c     linear_ref_track_sfun_registry.obj
 0004:00000348       $pdata$_ssSetCompOutputPortSymbolicDimsId 000000018001a348     linear_ref_track_sfun_registry.obj
 0004:00000354       $pdata$_ssSetCompDWorkSymbolicDimsId 000000018001a354     linear_ref_track_sfun_registry.obj
 0004:00000360       $pdata$ssGetIsZeroCrossControlDisabled 000000018001a360     linear_ref_track_sfun_registry.obj
 0004:0000036c       $pdata$ssSetIsInputPortUsedForContZcSignal 000000018001a36c     linear_ref_track_sfun_registry.obj
 0004:00000378       $pdata$ssSetZcSignalIsZcElementDisc 000000018001a378     linear_ref_track_sfun_registry.obj
 0004:00000384       $pdata$ssSetZcSignalName   000000018001a384     linear_ref_track_sfun_registry.obj
 0004:00000390       $pdata$ssSetZcSignalWidth  000000018001a390     linear_ref_track_sfun_registry.obj
 0004:0000039c       $pdata$ssSetZcSignalZcEventType 000000018001a39c     linear_ref_track_sfun_registry.obj
 0004:000003a8       $pdata$ssSetZcSignalType   000000018001a3a8     linear_ref_track_sfun_registry.obj
 0004:000003b4       $pdata$ssSetZcSignalZcTol  000000018001a3b4     linear_ref_track_sfun_registry.obj
 0004:000003c0       $pdata$ssSetZcSignalNeedsEventNotification 000000018001a3c0     linear_ref_track_sfun_registry.obj
 0004:000003cc       $pdata$ssCreateAndAddZcSignalInfo 000000018001a3cc     linear_ref_track_sfun_registry.obj
 0004:000003d8       $pdata$ssCloneAndAddZcSignalInfo 000000018001a3d8     linear_ref_track_sfun_registry.obj
 0004:000003e4       $pdata$ssGetNumZcSignals   000000018001a3e4     linear_ref_track_sfun_registry.obj
 0004:000003f0       $pdata$ssGetZcSignalVector 000000018001a3f0     linear_ref_track_sfun_registry.obj
 0004:000003fc       $pdata$ssGetZcSignalName   000000018001a3fc     linear_ref_track_sfun_registry.obj
 0004:00000408       $pdata$ssGetZcSignalWidth  000000018001a408     linear_ref_track_sfun_registry.obj
 0004:00000414       $pdata$ssGetZcSignalZcEventType 000000018001a414     linear_ref_track_sfun_registry.obj
 0004:00000420       $pdata$ssGetZcSignalZcEvents 000000018001a420     linear_ref_track_sfun_registry.obj
 0004:0000042c       $pdata$ssGetZcSignalType   000000018001a42c     linear_ref_track_sfun_registry.obj
 0004:00000438       $pdata$ssGetZcSignalZcTol  000000018001a438     linear_ref_track_sfun_registry.obj
 0004:00000444       $pdata$ssGetZcSignalNeedsEventNotification 000000018001a444     linear_ref_track_sfun_registry.obj
 0004:00000450       $pdata$ssGetZcSignalIsZcElementDisc 000000018001a450     linear_ref_track_sfun_registry.obj
 0004:0000045c       $pdata$ssGetIsInputPortElementContinuous 000000018001a45c     linear_ref_track_sfun_registry.obj
 0004:00000468       $pdata$_ssSetIWorkValueFcn 000000018001a468     linear_ref_track_sfun_registry.obj
 0004:00000474       $pdata$_ssGetIWorkValueFcn 000000018001a474     linear_ref_track_sfun_registry.obj
 0004:00000480       $pdata$_ssSetRWorkValueFcn 000000018001a480     linear_ref_track_sfun_registry.obj
 0004:0000048c       $pdata$_ssGetRWorkValueFcn 000000018001a48c     linear_ref_track_sfun_registry.obj
 0004:00000498       $pdata$_ssSetPWorkValueFcn 000000018001a498     linear_ref_track_sfun_registry.obj
 0004:000004a4       $pdata$_ssGetPWorkValueFcn 000000018001a4a4     linear_ref_track_sfun_registry.obj
 0004:000004b0       $pdata$ssGetDTypeIdFromMxArray 000000018001a4b0     linear_ref_track_sfun_registry.obj
 0004:000004bc       $pdata$ssWriteRTWStr       000000018001a4bc     linear_ref_track_sfun_registry.obj
 0004:000004c8       $pdata$ssWriteRTWNameValuePair 000000018001a4c8     linear_ref_track_sfun_registry.obj
 0004:000004d4       $pdata$ssWriteRTWParamSettings 000000018001a4d4     linear_ref_track_sfun_registry.obj
 0004:000004e0       $pdata$ssWriteRTWParameters 000000018001a4e0     linear_ref_track_sfun_registry.obj
 0004:000004ec       $pdata$ssWriteRTWWorkVect  000000018001a4ec     linear_ref_track_sfun_registry.obj
 0004:000004f8       $pdata$ssWriteRTWMxVectParam 000000018001a4f8     linear_ref_track_sfun_registry.obj
 0004:00000504       $pdata$ssWriteRTWMx2dMatParam 000000018001a504     linear_ref_track_sfun_registry.obj
 0004:00000510       $pdata$_ssSetInputPortMatrixDimensions 000000018001a510     linear_ref_track_sfun_registry.obj
 0004:0000051c       $pdata$_ssSetOutputPortMatrixDimensions 000000018001a51c     linear_ref_track_sfun_registry.obj
 0004:00000528       $pdata$_ssSetInputPortVectorDimension 000000018001a528     linear_ref_track_sfun_registry.obj
 0004:00000534       $pdata$_ssSetOutputPortVectorDimension 000000018001a534     linear_ref_track_sfun_registry.obj
 0004:00000540       $pdata$ssIsRunTimeParamTunable 000000018001a540     linear_ref_track_sfun_registry.obj
 0004:0000054c       $pdata$ssGetSFuncBlockHandle 000000018001a54c     linear_ref_track_sfun_registry.obj
 0004:00000558       $pdata$_ssGetCurrentInputPortWidth 000000018001a558     linear_ref_track_sfun_registry.obj
 0004:00000564       $pdata$_ssGetCurrentOutputPortWidth 000000018001a564     linear_ref_track_sfun_registry.obj
 0004:00000570       $pdata$_ssGetCallSystemNumFcnCallDestinations 000000018001a570     linear_ref_track_sfun_registry.obj
 0004:0000057c       $pdata$ssGetParameterTuningCompliance 000000018001a57c     linear_ref_track_sfun_registry.obj
 0004:00000588       $pdata$ssWarning           000000018001a588     linear_ref_track_sfun_registry.obj
 0004:00000594       $pdata$_ssGetAbsTol        000000018001a594     linear_ref_track_sfun_registry.obj
 0004:000005a0       $pdata$sf_process_check_sum_call 000000018001a5a0     linear_ref_track_sfun_registry.obj
 0004:000005ac       $pdata$sf_process_autoinheritance_call 000000018001a5ac     linear_ref_track_sfun_registry.obj
 0004:000005b8       $pdata$sf_process_get_third_party_uses_info_call 000000018001a5b8     linear_ref_track_sfun_registry.obj
 0004:000005c4       $pdata$sf_process_get_jit_fallback_info_call 000000018001a5c4     linear_ref_track_sfun_registry.obj
 0004:000005d0       $pdata$sf_process_get_updateBuildInfo_args_info_call 000000018001a5d0     linear_ref_track_sfun_registry.obj
 0004:000005dc       $pdata$sf_process_get_eml_resolved_functions_info_call 000000018001a5dc     linear_ref_track_sfun_registry.obj
 0004:000005e8       $pdata$sf_mex_unlock_call  000000018001a5e8     linear_ref_track_sfun_registry.obj
 0004:000005f4       $pdata$sf_debug_api_wrapper 000000018001a5f4     linear_ref_track_sfun_registry.obj
 0004:00000600       $pdata$ProcessMexSfunctionCmdLineCall 000000018001a600     linear_ref_track_sfun_registry.obj
 0004:0000060c       $pdata$sf_machine_global_initializer_called 000000018001a60c     linear_ref_track_sfun_registry.obj
 0004:00000618       $pdata$sf_machine_global_method_dispatcher 000000018001a618     linear_ref_track_sfun_registry.obj
 0004:00000624       $pdata$sf_machine_global_terminator 000000018001a624     linear_ref_track_sfun_registry.obj
 0004:00000630       $pdata$sf_register_machine_exported_symbols 000000018001a630     linear_ref_track_sfun_registry.obj
 0004:0000063c       $pdata$sf_machine_global_initializer 000000018001a63c     linear_ref_track_sfun_registry.obj
 0004:00000648       $pdata$mdlGetSimState      000000018001a648     linear_ref_track_sfun_registry.obj
 0004:00000654       $pdata$mdlSetSimState      000000018001a654     linear_ref_track_sfun_registry.obj
 0004:00000660       $pdata$mdlSetWorkWidths    000000018001a660     linear_ref_track_sfun_registry.obj
 0004:0000066c       $pdata$mdlProcessParameters 000000018001a66c     linear_ref_track_sfun_registry.obj
 0004:00000678       $pdata$mdl_start_processing 000000018001a678     linear_ref_track_sfun_registry.obj
 0004:00000684       $pdata$mdl_terminate_processing 000000018001a684     linear_ref_track_sfun_registry.obj
 0004:00000690       $pdata$mdlStart            000000018001a690     linear_ref_track_sfun_registry.obj
 0004:0000069c       $pdata$mdlTerminate        000000018001a69c     linear_ref_track_sfun_registry.obj
 0004:000006a8       $pdata$mdlInitializeSizes  000000018001a6a8     linear_ref_track_sfun_registry.obj
 0004:000006b4       $pdata$mdlInitializeSampleTimes 000000018001a6b4     linear_ref_track_sfun_registry.obj
 0004:000006c0       $pdata$mdl_outputs_continuous_legacy 000000018001a6c0     linear_ref_track_sfun_registry.obj
 0004:000006cc       $pdata$mdl_outputs_processing 000000018001a6cc     linear_ref_track_sfun_registry.obj
 0004:000006d8       $pdata$mdl_zeroCrossings_processing 000000018001a6d8     linear_ref_track_sfun_registry.obj
 0004:000006e4       $pdata$mdlZeroCrossings    000000018001a6e4     linear_ref_track_sfun_registry.obj
 0004:000006f0       $pdata$mdl_derivatives_processing 000000018001a6f0     linear_ref_track_sfun_registry.obj
 0004:000006fc       $pdata$mdlDerivatives      000000018001a6fc     linear_ref_track_sfun_registry.obj
 0004:00000708       $pdata$mdl_initialize_conditions_processing 000000018001a708     linear_ref_track_sfun_registry.obj
 0004:00000714       $pdata$mdlInitializeConditions 000000018001a714     linear_ref_track_sfun_registry.obj
 0004:00000720       $pdata$mdl_ext_mode_exec_processing 000000018001a720     linear_ref_track_sfun_registry.obj
 0004:0000072c       $pdata$mdlExtModeExec      000000018001a72c     linear_ref_track_sfun_registry.obj
 0004:00000738       $pdata$mdlRTW              000000018001a738     linear_ref_track_sfun_registry.obj
 0004:00000744       $pdata$mdl_enable_processing 000000018001a744     linear_ref_track_sfun_registry.obj
 0004:00000750       $pdata$mdlEnable           000000018001a750     linear_ref_track_sfun_registry.obj
 0004:0000075c       $pdata$mdl_disable_processing 000000018001a75c     linear_ref_track_sfun_registry.obj
 0004:00000768       $pdata$mdlDisable          000000018001a768     linear_ref_track_sfun_registry.obj
 0004:00000774       $pdata$mdlOutputs          000000018001a774     linear_ref_track_sfun_registry.obj
 0004:00000780       $pdata$mdl_update_processing 000000018001a780     linear_ref_track_sfun_registry.obj
 0004:0000078c       $pdata$mdlUpdate           000000018001a78c     linear_ref_track_sfun_registry.obj
 0004:00000798       $pdata$ProcessMexSfunctionEveryCall 000000018001a798     linear_ref_track_sfun_registry.obj
 0004:000007a4       $pdata$_RegNumInputPortsCB 000000018001a7a4     linear_ref_track_sfun_registry.obj
 0004:000007b0       $pdata$_RegNumOutputPortsCB 000000018001a7b0     linear_ref_track_sfun_registry.obj
 0004:000007bc       $pdata$_CreateSimStruct    000000018001a7bc     linear_ref_track_sfun_registry.obj
 0004:000007c8       $pdata$_ProcessMexSfunctionCmdLineCall 000000018001a7c8     linear_ref_track_sfun_registry.obj
 0004:000007d4       $pdata$ReportIndexOutOfBoundsError 000000018001a7d4     linear_ref_track_sfun_registry.obj
 0004:000007e0       $pdata$_vsnprintf_l        000000018001a7e0     linear_ref_track_sfun_registry.obj
 0004:000007ec       $pdata$_vsprintf_l         000000018001a7ec     linear_ref_track_sfun_registry.obj
 0004:000007f8       $pdata$sprintf             000000018001a7f8     linear_ref_track_sfun_registry.obj
 0004:00000804       $pdata$__raise_securityfailure 000000018001a804     MSVCRT:gs_report.obj
 0004:00000810       $pdata$__report_gsfailure  000000018001a810     MSVCRT:gs_report.obj
 0004:0000081c       $pdata$__report_rangecheckfailure 000000018001a81c     MSVCRT:gs_report.obj
 0004:00000828       $pdata$__report_securityfailure 000000018001a828     MSVCRT:gs_report.obj
 0004:00000834       $pdata$__report_securityfailureEx 000000018001a834     MSVCRT:gs_report.obj
 0004:00000840       $pdata$capture_current_context 000000018001a840     MSVCRT:gs_report.obj
 0004:0000084c       $pdata$capture_previous_context 000000018001a84c     MSVCRT:gs_report.obj
 0004:00000858       $pdata$__GSHandlerCheck    000000018001a858     MSVCRT:_gshandler_.obj
 0004:00000864       $pdata$__GSHandlerCheckCommon 000000018001a864     MSVCRT:_gshandler_.obj
 0004:0000087c       $pdata$?dllmain_crt_dispatch@@YAHQEAUHINSTANCE__@@KQEAX@Z 000000018001a87c     MSVCRT:dll_dllmain.obj
 0004:00000888       $pdata$?dllmain_crt_process_attach@@YAHQEAUHINSTANCE__@@QEAX@Z 000000018001a888     MSVCRT:dll_dllmain.obj
 0004:00000894       $pdata$?dllmain_crt_process_detach@@YAH_N@Z 000000018001a894     MSVCRT:dll_dllmain.obj
 0004:000008a0       $pdata$?dllmain_dispatch@@YAHQEAUHINSTANCE__@@KQEAX@Z 000000018001a8a0     MSVCRT:dll_dllmain.obj
 0004:000008ac       $pdata$?dllmain_raw@@YAHQEAUHINSTANCE__@@KQEAX@Z 000000018001a8ac     MSVCRT:dll_dllmain.obj
 0004:000008b8       $pdata$_DllMainCRTStartup  000000018001a8b8     MSVCRT:dll_dllmain.obj
 0004:000008c4       $pdata$?configure_argv@__scrt_narrow_argv_policy@@SAHXZ 000000018001a8c4     MSVCRT:utility.obj
 0004:000008d0       $pdata$__scrt_acquire_startup_lock 000000018001a8d0     MSVCRT:utility.obj
 0004:000008dc       $pdata$__scrt_dllmain_after_initialize_c 000000018001a8dc     MSVCRT:utility.obj
 0004:000008e8       $pdata$__scrt_dllmain_before_initialize_c 000000018001a8e8     MSVCRT:utility.obj
 0004:000008f4       $pdata$__scrt_dllmain_crt_thread_attach 000000018001a8f4     MSVCRT:utility.obj
 0004:00000900       $pdata$__scrt_dllmain_crt_thread_detach 000000018001a900     MSVCRT:utility.obj
 0004:0000090c       $pdata$__scrt_dllmain_exception_filter 000000018001a90c     MSVCRT:utility.obj
 0004:00000918       $pdata$__scrt_dllmain_uninitialize_c 000000018001a918     MSVCRT:utility.obj
 0004:00000924       $pdata$__scrt_dllmain_uninitialize_critical 000000018001a924     MSVCRT:utility.obj
 0004:00000930       $pdata$__scrt_initialize_crt 000000018001a930     MSVCRT:utility.obj
 0004:0000093c       $pdata$__scrt_initialize_onexit_tables 000000018001a93c     MSVCRT:utility.obj
 0004:00000948       $pdata$__scrt_is_nonwritable_in_current_image 000000018001a948     MSVCRT:utility.obj
 0004:00000954       $pdata$__scrt_release_startup_lock 000000018001a954     MSVCRT:utility.obj
 0004:00000960       $pdata$__scrt_uninitialize_crt 000000018001a960     MSVCRT:utility.obj
 0004:0000096c       $pdata$_onexit             000000018001a96c     MSVCRT:utility.obj
 0004:00000978       $pdata$atexit              000000018001a978     MSVCRT:utility.obj
 0004:00000984       $pdata$__security_init_cookie 000000018001a984     MSVCRT:gs_support.obj
 0004:00000990       $pdata$DllMain             000000018001a990     MSVCRT:dll_dllmain_stub.obj
 0004:0000099c       $pdata$__scrt_initialize_default_local_stdio_options 000000018001a99c     MSVCRT:default_local_stdio_options.obj
 0004:000009a8       $pdata$__scrt_fastfail     000000018001a9a8     MSVCRT:utility_desktop.obj
 0004:000009b4       $pdata$__scrt_get_show_window_mode 000000018001a9b4     MSVCRT:utility_desktop.obj
 0004:000009c0       $pdata$__scrt_is_managed_app 000000018001a9c0     MSVCRT:utility_desktop.obj
 0004:000009cc       $pdata$__scrt_unhandled_exception_filter 000000018001a9cc     MSVCRT:utility_desktop.obj
 0004:000009d8       $pdata$_RTC_Initialize     000000018001a9d8     MSVCRT:_initsect_.obj
 0004:000009e4       $pdata$_RTC_Terminate      000000018001a9e4     MSVCRT:_initsect_.obj
 0004:000009f0       $pdata$__isa_available_init 000000018001a9f0     MSVCRT:_cpu_disp_.obj
 0004:00000a08       $pdata$?fin$0@?0??dllmain_crt_process_attach@@YAHQEAUHINSTANCE__@@QEAX@Z@4HA 000000018001aa08     MSVCRT:dll_dllmain.obj
 0004:00000a14       $pdata$?fin$0@?0??dllmain_crt_process_detach@@YAH_N@Z@4HA 000000018001aa14     MSVCRT:dll_dllmain.obj
 0004:00000a20       $pdata$?filt$0@?0??dllmain_dispatch@@YAHQEAUHINSTANCE__@@KQEAX@Z@4HA 000000018001aa20     MSVCRT:dll_dllmain.obj
 0004:00000a2c       $pdata$__scrt_is_nonwritable_in_current_image$filt$0 000000018001aa2c     MSVCRT:utility.obj
 0005:00000000       __guard_fids_?dllmain_crt_process_attach@@YAHQEAUHINSTANCE__@@QEAX@Z 000000018001b000     MSVCRT:dll_dllmain.obj
 0005:00000008       __guard_fids_?dllmain_dispatch@@YAHQEAUHINSTANCE__@@KQEAX@Z 000000018001b008     MSVCRT:dll_dllmain.obj
 0005:0000000c       __guard_fids___scrt_set_unhandled_exception_filter 000000018001b00c     MSVCRT:utility_desktop.obj
 0005:00000010       __guard_fids__             000000018001b010     MSVCRT:guard_support.obj
 0005:00000014       __guard_fids__guard_icall_checks_enforced 000000018001b014     MSVCRT:guard_support.obj
